******************************************************************************
                  TI ARM Linker PC v20.2.4                     
******************************************************************************
>> Linked Fri Sep  3 17:21:40 2021

OUTPUT FILE NAME:   <simple_peripheral_AM2302_CC26X2R1_tirtos.out>
ENTRY POINT SYMBOL: "ResetISR"  address: 00013f59


MEMORY CONFIGURATION

         name            origin    length      used     unused   attr    fill
----------------------  --------  ---------  --------  --------  ----  --------
  FLASH                 00000000   00056000  00020378  00035c88  R  X
  FLASH_LAST_PAGE       00056000   00002000  00000058  00001fa8  R  X
  RTOS_SRAM             20000000   0000012c  000000e4  00000048  RW X
  SRAM                  20000fdf   00013021  00003576  0000faab  RW X


SEGMENT ALLOCATION MAP

run origin  load origin   length   init length attrs members
----------  ----------- ---------- ----------- ----- -------
00000000    00000000    0001c378   0001c378    r-x
  00000000    00000000    0000003c   0000003c    r-- .resetVecs
  0000003c    0000003c    00019ac8   00019ac8    r-x .text
  00019b04    00019b04    000020a8   000020a8    r-- .const
  0001bbac    0001bbac    00000144   00000144    r-- .rodata
  0001bcf0    0001bcf0    00000688   00000688    r-- .cinit
00048000    00048000    00004000   00000000    rw-
  00048000    00048000    00004000   00000000    rw- .TI.bound:flashBuf0
00057fa8    00057fa8    00000058   00000058    r--
  00057fa8    00057fa8    00000058   00000058    r-- .ccfg
20000100    20000100    0000000c   00000000    rw-
  20000100    20000100    00000004   00000000    rw- .data:xdcRomConstPtr
  20000104    20000104    00000004   00000000    rw- .data:xdcRomExternFuncPtr
  20000108    20000108    00000004   00000000    rw- .data:xdcRomStatePtr
20000fe0    20000fe0    00003176   00000000    rw-
  20000fe0    20000fe0    0000179a   00000000    rw- .data
  20002780    20002780    000019d6   00000000    rw- .bss
20013c00    20013c00    00000400   00000000    rw-
  20013c00    20013c00    00000400   00000000    rw- .stack


SECTION ALLOCATION MAP

 output                                  attributes/
section   page    origin      length       input sections
--------  ----  ----------  ----------   ----------------
.cinit     0    0001bcf0    00000688     
                  0001bcf0    00000634     (.cinit..data.load) [load image, compression = lzss]
                  0001c324    0000000c     (__TI_handler_table)
                  0001c330    00000008     (.cinit..bss.load) [load image, compression = zero_init]
                  0001c338    00000008     (.cinit..data:xdcRomConstPtr.load) [load image, compression = lzss]
                  0001c340    00000008     (.cinit..data:xdcRomExternFuncPtr.load) [load image, compression = lzss]
                  0001c348    00000008     (.cinit..data:xdcRomStatePtr.load) [load image, compression = lzss]
                  0001c350    00000028     (__TI_cinit_table)

.init_array 
*          0    00000000    00000000     UNINITIALIZED

.ccfg      0    00057fa8    00000058     
                  00057fa8    00000058     ti_devices_config.obj (.ccfg:retain)

.data:xdcRomConstPtr 
*          0    20000100    00000004     UNINITIALIZED
                  20000100    00000004     simple_peripheral_app_pem4f.oem4f (.data:xdcRomConstPtr)

.data:xdcRomExternFuncPtr 
*          0    20000104    00000004     UNINITIALIZED
                  20000104    00000004     simple_peripheral_app_pem4f.oem4f (.data:xdcRomExternFuncPtr)

.data:xdcRomStatePtr 
*          0    20000108    00000004     UNINITIALIZED
                  20000108    00000004     simple_peripheral_app_pem4f.oem4f (.data:xdcRomStatePtr)

.data      0    20000fe0    0000179a     UNINITIALIZED
                  20000fe0    00000508     rf_multiMode_cc26x2.a : RFCC26X2_multiMode.c.cc26x2.ccs.o (.data:$O1$$)
                  200014e8    000001d4     devinfoservice.obj (.data:$O11$$)
                  200016bc    000001ac     simple_peripheral.obj (.data:$O3$$)
                  20001868    00000170     drivers_cc26x2.a : PowerCC26X2.oem4f (.data:PowerCC26X2_module)
                  200019d8    00000124     simple_gatt_profile.obj (.data:$O15$$)
                  20001afc    0000010c     simple_peripheral_app_pem4f.oem4f (.data:ROM_stateStruct)
                  20001c08    000000f8     StackWrapper.a : gapbondmgr.o (.data)
                  20001d00    000000e8     environmentalSensingService.obj (.data:$O12$$)
                  20001de8    000000b4     icall.obj (.data:$O17$$)
                  20001e9c    000000b0     OneLib.a : gapgattserver.o (.data)
                  20001f4c    000000a4     ti_ble_config.obj (.data:$O1$$)
                  20001ff0    00000088     main.obj (.data:$O16$$)
                  20002078    00000064     OneLib.a : ll_config.o (.data)
                  200020dc    00000060     nvocmp.obj (.data:$O6$$)
                  2000213c    00000054     ti_radio_config.obj (.data:pOverrides_bleCommon)
                  20002190    00000050     ti_radio_config.obj (.data:txPowerTable_2400_pa5)
                  200021e0    0000004c     simple_peripheral_app_pem4f.oem4f (.data:ti_sysbios_knl_Task_Object__table__V)
                  2000222c    00000048     board_key.obj (.data:$O2$$)
                  20002274    00000004     OneLib.a : ll_slave_end_causes.o (.data)
                  20002278    00000048     simple_peripheral_app_pem4f.oem4f (.data:ti_sysbios_family_arm_cc26xx_Timer_Object__table__V)
                  200022c0    00000040     OneLib.a : gattservapp.o (.data)
                  20002300    00000040              : sm_pairing.o (.data)
                  20002340    00000040     ble_user_config.obj (.data:eccParams_NISTP256)
                  20002380    0000003c     icall_user_config.obj (.data:nvintfFncStruct)
                  200023bc    00000038     simple_peripheral_app_pem4f.oem4f (.data:ti_sysbios_gates_GateMutex_Object__table__V)
                  200023f4    00000030     simple_peripheral_app_pem4f.oem4f (.data:ti_sysbios_knl_Swi_Module_State_0_readyQ__A)
                  20002424    00000030     simple_peripheral_app_pem4f.oem4f (.data:ti_sysbios_knl_Swi_Object__table__V)
                  20002454    00000030     simple_peripheral_app_pem4f.oem4f (.data:ti_sysbios_knl_Task_Module_State_0_readyQ__A)
                  20002484    00000024     driverlib.lib : osc.obj (.data:$O23$$)
                  200024a8    00000020     drivers_cc26x2.a : TRNGCC26XX.oem4f (.data:entropyPoolBuffer)
                  200024c8    00000020     simple_peripheral_app_pem4f.oem4f (.data:ti_sysbios_knl_Clock_Object__table__V)
                  200024e8    00000020     simple_peripheral_app_pem4f.oem4f (.data:xdc_runtime_Error_IgnoreBlock)
                  20002508    00000018     simple_peripheral_app_pem4f.oem4f (.data:ti_sysbios_family_arm_m3_Hwi_Object__table__V)
                  20002520    00000014     two_btn_menu.obj (.data:$O5$$)
                  20002534    00000014     StackWrapper.a : osal.o (.data)
                  20002548    00000011     environmentalSensingService.obj (.data:environmentalSensing_AdquisitionFrequencyDesc$17)
                  20002559    00000011     environmentalSensingService.obj (.data:environmentalSensing_RelativeHumidityDesc$17)
                  2000256a    00000011     environmentalSensingService.obj (.data:environmentalSensing_TemperatureCelsiusDesc$17)
                  2000257b    00000011     simple_gatt_profile.obj (.data:simpleProfileChar1UserDesp$20)
                  2000258c    00000011     simple_gatt_profile.obj (.data:simpleProfileChar2UserDesp$20)
                  2000259d    00000011     simple_gatt_profile.obj (.data:simpleProfileChar3UserDesp$20)
                  200025ae    00000011     simple_gatt_profile.obj (.data:simpleProfileChar4UserDesp$20)
                  200025bf    00000011     simple_gatt_profile.obj (.data:simpleProfileChar5UserDesp$20)
                  200025d0    00000010     OneLib.a : gattservapp.o (.data)
                  200025e0    00000010              : ll.o (.data)
                  200025f0    00000010              : ll_data.o (.data)
                  20002600    00000010     icall_user_config.obj (.data:bleAppServiceInfoTable)
                  20002610    00000010     ti_drivers_config.obj (.data:gpioCallbackFunctions)
                  20002620    00000010     ti_drivers_config.obj (.data:gpioPinConfigs)
                  20002630    00000010     ti_radio_config.obj (.data:pOverrides_ble2Mbps)
                  20002640    00000010     ti_radio_config.obj (.data:pOverrides_bleCoded)
                  20002650    0000000c     ti_radio_config.obj (.data:pOverrides_ble1Mbps)
                  2000265c    0000000c     simple_peripheral_app_pem4f.oem4f (.data:ti_sysbios_heaps_HeapCallback_Object__table__V)
                  20002668    00000009     devinfoservice.obj (.data)
                  20002671    00000003     environmentalSensingService.obj (.data)
                  20002674    00000008     icall_cc2650.obj (.data:$O19$$)
                  2000267c    00000008     ble_user_config.obj (.data:$O20$$)
                  20002684    00000008     icall_api_lite.obj (.data:$O21$$)
                  2000268c    00000008     rtsv7M4_T_le_v4SPD16_eabi.lib : _lock.c.obj (.data:$O26$$)
                  20002694    00000008     OneLib.a : gapgattserver.o (.data)
                  2000269c    00000008     rf_multiMode_cc26x2.a : RFCC26X2_multiMode.c.cc26x2.ccs.o (.data:RFCC26XX_schedulerPolicy)
                  200026a4    00000008     drivers_cc26x2.a : PINCC26XX.oem4f (.data)
                  200026ac    00000008     icall_api_lite.obj (.data)
                  200026b4    00000008     drivers_cc26x2.a : TRNGCC26XX.oem4f (.data:jobList)
                  200026bc    00000008     simple_peripheral_app_pem4f.oem4f (.data:ti_sysbios_family_arm_m3_Hwi_Module__root__V)
                  200026c4    00000008     simple_peripheral_app_pem4f.oem4f (.data:ti_sysbios_gates_GateHwi_Module__root__V)
                  200026cc    00000008     simple_peripheral_app_pem4f.oem4f (.data:ti_sysbios_gates_GateMutexPri_Module__root__V)
                  200026d4    00000008     simple_peripheral_app_pem4f.oem4f (.data:ti_sysbios_gates_GateMutex_Module__root__V)
                  200026dc    00000008     simple_peripheral_app_pem4f.oem4f (.data:ti_sysbios_hal_Hwi_Module__root__V)
                  200026e4    00000008     simple_peripheral_app_pem4f.oem4f (.data:ti_sysbios_heaps_HeapCallback_Module__root__V)
                  200026ec    00000008     simple_peripheral_app_pem4f.oem4f (.data:ti_sysbios_heaps_HeapMem_Module__root__V)
                  200026f4    00000008     simple_peripheral_app_pem4f.oem4f (.data:ti_sysbios_knl_Clock_Module__root__V)
                  200026fc    00000008     simple_peripheral_app_pem4f.oem4f (.data:ti_sysbios_knl_Event_Module__root__V)
                  20002704    00000008     simple_peripheral_app_pem4f.oem4f (.data:ti_sysbios_knl_Mailbox_Module__root__V)
                  2000270c    00000008     simple_peripheral_app_pem4f.oem4f (.data:ti_sysbios_knl_Queue_Module__root__V)
                  20002714    00000008     simple_peripheral_app_pem4f.oem4f (.data:ti_sysbios_knl_Semaphore_Module__root__V)
                  2000271c    00000008     simple_peripheral_app_pem4f.oem4f (.data:ti_sysbios_knl_Swi_Module__root__V)
                  20002724    00000008     simple_peripheral_app_pem4f.oem4f (.data:ti_sysbios_knl_Task_Module__root__V)
                  2000272c    00000005     drivers_cc26x2.a : GPIOCC26XX.oem4f (.data)
                  20002731    00000005     simple_gatt_profile.obj (.data)
                  20002736    00000002     OneLib.a : ll.o (.data)
                  20002738    00000004     StackWrapper.a : hal_assert.o (.data)
                  2000273c    00000004     ble_user_config_stack.obj (.data)
                  20002740    00000004     drivers_cc26x2.a : GPIOCC26XX.oem4f (.data:gpioPinTable)
                  20002744    00000004     rtsv7M4_T_le_v4SPD16_eabi.lib : stkdepth_vars.c.obj (.data)
                  20002748    00000004     simple_peripheral_app_pem4f.oem4f (.data:ti_sysbios_family_arm_m3_Hwi_Module_State_0_excContext__A)
                  2000274c    00000004     simple_peripheral_app_pem4f.oem4f (.data:ti_sysbios_family_arm_m3_Hwi_Module_State_0_excStack__A)
                  20002750    00000004     simple_peripheral_app_pem4f.oem4f (.data:ti_sysbios_knl_Task_Module_State_0_idleTask__A)
                  20002754    00000002     OneLib.a : ll_config.o (.data)
                  20002756    00000002     StackWrapper.a : osal_cbtimer.o (.data)
                  20002758    00000002     drivers_cc26x2.a : CryptoResourceCC26XX.oem4f (.data)
                  2000275a    00000002                      : PKAResourceCC26XX.oem4f (.data)
                  2000275c    00000002                      : TRNGCC26XX.oem4f (.data)
                  2000275e    00000002     simple_peripheral_app_pem4f.oem4f (.data:ti_sysbios_family_arm_m3_Hwi_Module_State_0_excActive__A)
                  20002760    00000001     OneLib.a : gapgattserver.o (.data)
                  20002761    00000001              : gapgattserver.o (.data)
                  20002762    00000001              : gapgattserver.o (.data)
                  20002763    00000001              : gapgattserver.o (.data)
                  20002764    00000001              : gapgattserver.o (.data)
                  20002765    00000001              : gapgattserver.o (.data)
                  20002766    00000001              : gattservapp.o (.data)
                  20002767    00000001              : gattservapp.o (.data)
                  20002768    00000001              : ll.o (.data)
                  20002769    00000001              : ll_ae.o (.data)
                  2000276a    00000001              : ll_data.o (.data)
                  2000276b    00000001              : ll_scheduler.o (.data)
                  2000276c    00000001              : sm_task.o (.data)
                  2000276d    00000001     StackWrapper.a : gap.o (.data)
                  2000276e    00000001                    : gap.o (.data)
                  2000276f    00000001                    : hal_assert.o (.data)
                  20002770    00000001     simple_peripheral.obj (.data:argPeriodic)
                  20002771    00000001     simple_peripheral.obj (.data:argRpaRead)
                  20002772    00000001     drivers_cc26x2.a : AESCCMCC26XX.oem4f (.data)
                  20002773    00000001                      : AESCTRCC26XX.oem4f (.data)
                  20002774    00000001                      : AESCTRDRBGXX.oem4f (.data)
                  20002775    00000001                      : AESECBCC26XX.oem4f (.data)
                  20002776    00000001                      : ECDHCC26X2.oem4f (.data)
                  20002777    00000001                      : NVS.oem4f (.data)
                  20002778    00000001                      : UART.oem4f (.data)
                  20002779    00000001     rf_multiMode_cc26x2.a : rf_patch_cpe_bt5.c.cc26x2.ccs.o (.data)

.bss       0    20002780    000019d6     UNINITIALIZED
                  20002780    00000800     AM2302.obj (.bss:readAM2302TaskStack$21)
                  20002f80    00000400     (.common:spTaskStack)
                  20003380    00000300     simple_peripheral_app_pem4f.oem4f (.bss:taskStackSection)
                  20003680    000001bc     (.common:uartCC26XXObjects)
                  2000383c    000000d8     (.common:ti_sysbios_family_arm_m3_Hwi_dispatchTable)
                  20003914    00000084     (.common:trngCC26XXObjects)
                  20003998    00000080     ti_drivers_config.obj (.bss:displayUARTBuffer)
                  20003a18    0000007c     (.common:pinHandleTable)
                  20003a94    00000078     StackWrapper.a : osal_cbtimer.o (.bss)
                  20003b0c    00000064     simple_peripheral_menu.obj (.bss:$O4$$)
                  20003b70    00000058     (.common:aesctrdrbgXXObjects)
                  20003bc8    00000050     drivers_cc26x2.a : PINCC26XX.oem4f (.bss:pinSemaphore)
                  20003c18    00000050     (.common:CryptoResourceCC26XX_accessSemaphore)
                  20003c68    00000050     (.common:CryptoResourceCC26XX_operationSemaphore)
                  20003cb8    00000050     (.common:PKAResourceCC26XX_accessSemaphore)
                  20003d08    00000050     (.common:PKAResourceCC26XX_operationSemaphore)
                  20003d58    0000004c     (.common:gptimerCC26XXObjects)
                  20003da4    0000003c     StackWrapper.a : osal_snv_wrapper.o (.bss)
                  20003de0    0000003c     drivers_cc26x2.a : PINCC26XX.oem4f (.bss:pinSwi)
                  20003e1c    00000024     OneLib.a : ll.o (.bss)
                  20003e40    00000020              : gattservapp.o (.bss)
                  20003e60    00000020     StackWrapper.a : gapbondmgr.o (.bss)
                  20003e80    00000020                    : gapbondmgr.o (.bss)
                  20003ea0    00000020     drivers_cc26x2.a : GPIOCC26XX.oem4f (.bss:gpioCallbackInfo)
                  20003ec0    00000020                      : PINCC26XX.oem4f (.bss:pinGpioConfigTable)
                  20003ee0    00000020     ti_drivers_config.obj (.bss:uartCC26XXRingBuffer0)
                  20003f00    00000020     (.common:ecdhCC26X2Objects)
                  20003f20    0000001c     drivers_cc26x2.a : TRNGCC26XX.oem4f (.bss:TRNGCC26XX_hwi)
                  20003f3c    0000001c                      : TRNGCC26XX.oem4f (.bss:entropyPool)
                  20003f58    0000001c                      : PINCC26XX.oem4f (.bss:pinHwi)
                  20003f74    0000001c     (.common:CryptoResourceCC26XX_hwi)
                  20003f90    0000001c     (.common:PKAResourceCC26XX_hwi)
                  20003fac    00000018     OneLib.a : gapgattserver.o (.bss)
                  20003fc4    00000018              : ll_common.o (.bss)
                  20003fdc    00000018     (.common:aesccmCC26XXObjects)
                  20003ff4    00000018     (.common:aesctrCC26XXObjects)
                  2000400c    00000018     (.common:aesecbCC26XXObjects)
                  20004024    00000014     rf_multiMode_cc26x2.a : RFCC26X2_multiMode.c.cc26x2.ccs.o (.bss:RF_ratSyncCmd)
                  20004038    00000014     drivers_cc26x2.a : Random.oem4f (.bss:state)
                  2000404c    00000010     util.obj (.bss:str$1$8)
                  2000405c    0000000c     OneLib.a : ll.o (.bss)
                  20004068    0000000c              : ll.o (.bss)
                  20004074    0000000c              : ll_scheduler.o (.bss)
                  20004080    0000000c     drivers_cc26x2.a : NVSCC26XX.oem4f (.bss)
                  2000408c    0000000c                      : GPIOCC26XX.oem4f (.bss:gpioPinState)
                  20004098    0000000c     (.common:displayUartObject)
                  200040a4    00000008     OneLib.a : ll.o (.bss)
                  200040ac    00000008              : ll_ae.o (.bss)
                  200040b4    00000008     drivers_cc26x2.a : GPIOCC26XX.oem4f (.bss)
                  200040bc    00000004     OneLib.a : gapgattserver.o (.bss)
                  200040c0    00000004              : gattservapp.o (.bss)
                  200040c4    00000004              : linkdb.o (.bss)
                  200040c8    00000004              : ll.o (.bss)
                  200040cc    00000004              : ll.o (.bss)
                  200040d0    00000004              : ll.o (.bss)
                  200040d4    00000004              : ll.o (.bss)
                  200040d8    00000004              : ll.o (.bss)
                  200040dc    00000004              : ll_ae.o (.bss)
                  200040e0    00000004              : ll_common.o (.bss)
                  200040e4    00000004              : ll_enc.o (.bss)
                  200040e8    00000004              : ll_privacy.o (.bss)
                  200040ec    00000004     StackWrapper.a : gapbondmgr.o (.bss)
                  200040f0    00000004                    : gapbondmgr.o (.bss)
                  200040f4    00000004                    : osal.o (.bss)
                  200040f8    00000004                    : osal.o (.bss)
                  200040fc    00000004                    : osal.o (.bss)
                  20004100    00000004                    : osal.o (.bss)
                  20004104    00000004                    : osal.o (.bss)
                  20004108    00000004                    : osal.o (.bss)
                  2000410c    00000004                    : osal_bufmgr.o (.bss)
                  20004110    00000004                    : osal_clock.o (.bss)
                  20004114    00000004                    : osal_clock.o (.bss)
                  20004118    00000004                    : osal_timers.o (.bss)
                  2000411c    00000004                    : osal_timers.o (.bss)
                  20004120    00000004                    : osal_timers.o (.bss)
                  20004124    00000004     drivers_cc26x2.a : ECDHCC26X2.oem4f (.bss)
                  20004128    00000004                      : PINCC26XX.oem4f (.bss)
                  2000412c    00000004     (.common:nvsCC26XXObjects)
                  20004130    00000004     (.common:tasksEvents)
                  20004134    00000002     OneLib.a : gapgattserver.o (.bss)
                  20004136    00000002              : ll.o (.bss)
                  20004138    00000002              : ll_slave_end_causes.o (.bss)
                  2000413a    00000002     StackWrapper.a : osal_pwrmgr.o (.bss)
                  2000413c    00000001     OneLib.a : gapgattserver.o (.bss)
                  2000413d    00000001              : gattservapp.o (.bss)
                  2000413e    00000001              : hci_tl.o (.bss)
                  2000413f    00000001              : hci_tl.o (.bss)
                  20004140    00000001              : hci_tl.o (.bss)
                  20004141    00000001              : hci_tl.o (.bss)
                  20004142    00000001              : hci_tl.o (.bss)
                  20004143    00000001              : hci_tl.o (.bss)
                  20004144    00000001              : ll.o (.bss)
                  20004145    00000001              : ll.o (.bss)
                  20004146    00000001              : ll.o (.bss)
                  20004147    00000001              : ll.o (.bss)
                  20004148    00000001              : ll_ae.o (.bss)
                  20004149    00000001              : ll_config.o (.bss)
                  2000414a    00000001              : ll_config.o (.bss)
                  2000414b    00000001              : ll_enc.o (.bss)
                  2000414c    00000001              : ll_isr.o (.bss)
                  2000414d    00000001              : sm_task.o (.bss)
                  2000414e    00000001     StackWrapper.a : ble_dispatch_lite.o (.bss)
                  2000414f    00000001                    : gapbondmgr.o (.bss)
                  20004150    00000001                    : gapbondmgr.o (.bss)
                  20004151    00000001                    : hal_assert.o (.bss)
                  20004152    00000001                    : osal.o (.bss)
                  20004153    00000001                    : osal_pwrmgr.o (.bss)
                  20004154    00000001     rf_multiMode_cc26x2.a : RFCC26X2_multiMode.c.cc26x2.ccs.o (.bss)
                  20004155    00000001     (.common:driverlib_release_0_60278)

.vtable    0    20004156    00000000     UNINITIALIZED

.vtable_ram 
*          0    20004156    00000000     UNINITIALIZED

vtable_ram 
*          0    20004156    00000000     UNINITIALIZED

.sysmem    0    20004156    00000000     UNINITIALIZED

.nonretenvar 
*          0    20004156    00000000     UNINITIALIZED

.stack     0    20013c00    00000400     UNINITIALIZED
                  20013c00    00000400     --HOLE--

.bootVecs 
*          0    00000000    00000008     DSECT
                  00000000    00000008     boot.aem4f : boot.oem4f (.bootVecs)

.resetVecs 
*          0    00000000    0000003c     
                  00000000    0000003c     simple_peripheral_app_pem4f.oem4f (.resetVecs)

.vecs      0    20000000    000000d8     NOLOAD SECTION
                  20000000    000000d8     simple_peripheral_app_pem4f.oem4f (.vecs)

xdc.meta   0    00000000    00000111     COPY SECTION
                  00000000    00000111     simple_peripheral_app_pem4f.oem4f (xdc.meta)

xdc.noload 
*          0    00000000    00000000     COPY SECTION

.TI.bound:flashBuf0 
*          0    00048000    00004000     UNINITIALIZED
                  00048000    00004000     ti_drivers_config.obj (.TI.bound:flashBuf0)

.text      0    0000003c    00019ac8     
                  0000003c    00000d80     simple_peripheral.obj (.text:SimplePeripheral_taskFxn$5)
                  00000dbc    00000b58     StackWrapper.a : gapbondmgr.o (.text)
                  00001914    000006f8     OneLib.a : ll_adv_end_causes.o (.text)
                  0000200c    00000650     StackWrapper.a : gapbondmgr.o (.text)
                  0000265c    00000548     simple_peripheral.obj (.text:SimplePeripheral_processGapMessage$5)
                  00002ba4    000004f0     OneLib.a : ll_ae.o (.text)
                  00003094    000004b0     rf_multiMode_cc26x2.a : RFCC26X2_multiMode.c.cc26x2.ccs.o (.text:RF_fsmActiveState)
                  00003544    00000488     OneLib.a : ll_slave_end_causes.o (.text)
                  000039cc    00000470              : ll_isr.o (.text)
                  00003e3c    00000450              : ll.o (.text)
                  0000428c    000003c4              : ble.o (.text)
                  00004650    000003c4              : ll_slave_end_causes.o (.text)
                  00004a14    000003a4              : ll_isr.o (.text)
                  00004db8    000003a4              : ll_scheduler.o (.text)
                  0000515c    00000334              : ll_scheduler.o (.text)
                  00005490    00000330              : ll_ae.o (.text)
                  000057c0    00000320              : ll.o (.text)
                  00005ae0    000002c4              : ll_ae.o (.text)
                  00005da4    000002c0              : ll_isr.o (.text)
                  00006064    000002b0     StackWrapper.a : gapbondmgr.o (.text)
                  00006314    00000298     rf_multiMode_cc26x2.a : RFCC26X2_multiMode.c.cc26x2.ccs.o (.text:RF_open)
                  000065ac    00000274     OneLib.a : ll_ae.o (.text)
                  00006820    0000025c     nvocmp.obj (.text:NVOCMP_addItem$10)
                  00006a7c    0000025c     StackWrapper.a : gapbondmgr.o (.text)
                  00006cd8    00000248     OneLib.a : ll_data.o (.text)
                  00006f20    00000248              : ll_isr.o (.text)
                  00007168    00000230     drivers_cc26x2.a : ECDHCC26X2.oem4f (.text:ECDHCC26X2_runFSM)
                  00007398    00000224     OneLib.a : ll_common.o (.text)
                  000075bc    00000218     nvocmp.obj (.text:NVOCMP_initNv$10)
                  000077d4    00000210     rf_multiMode_cc26x2.a : RFCC26X2_multiMode.c.cc26x2.ccs.o (.text:RF_scheduleCmd)
                  000079e4    00000204     OneLib.a : gattservapp.o (.text)
                  00007be8    000001f4     drivers_cc26x2.a : PINCC26XX.oem4f (.text:PIN_init)
                  00007ddc    000001e8     osal_icall_ble.obj (.text:stack_main)
                  00007fc4    000001e0     StackWrapper.a : osal.o (.text)
                  000081a4    000001dc     rf_multiMode_cc26x2.a : RFCC26X2_multiMode.c.cc26x2.ccs.o (.text:RF_dispatchNextCmd)
                  00008380    000001d8     OneLib.a : ll.o (.text)
                  00008558    000001bc     main.obj (.text:AssertHandler)
                  00008714    000001a8     OneLib.a : ll_scheduler.o (.text)
                  000088bc    000001a4     AM2302.obj (.text:readAM2302TaskFunc)
                  00008a60    00000196     OneLib.a : ll_common.o (.text)
                  00008bf6    00000002     ti_drivers_config.obj (.text:Board_initHook)
                  00008bf8    00000190     simple_peripheral.obj (.text:SimplePeripheral_doAutoConnect)
                  00008d88    00000190     drivers_cc26x2.a : PowerCC26X2_calibrateRCOSC.oem4f (.text:calibrateRcoscHf1)
                  00008f18    0000018c                      : PowerCC26X2_calibrateRCOSC.oem4f (.text:runCalibrateFsm)
                  000090a4    00000188     nvocmp.obj (.text:NVOCMP_compact$10)
                  0000922c    00000184     icall.obj (.text:icall_directAPI)
                  000093b0    0000017c     OneLib.a : ll_isr.o (.text)
                  0000952c    00000174              : gattservapp.o (.text)
                  000096a0    00000174     drivers_cc26x2.a : PowerCC26X2.oem4f (.text:Power_init)
                  00009814    00000168     OneLib.a : ll_common.o (.text)
                  0000997c    00000164              : ll_ae.o (.text)
                  00009ae0    00000164     drivers_cc26x2.a : UARTCC26XX.oem4f (.text:UARTCC26XX_open)
                  00009c44    00000162     StackWrapper.a : osal.o (.text)
                  00009da6    00000002     ble_user_config.obj (.text:DefaultAssertCback)
                  00009da8    00000158     OneLib.a : ll_common.o (.text)
                  00009f00    00000154     rf_multiMode_cc26x2.a : RFCC26X2_multiMode.c.cc26x2.ccs.o (.text:RF_radioOpDoneCb)
                  0000a054    00000154     drivers_cc26x2.a : UARTCC26XX.oem4f (.text:UARTCC26XX_hwiIntFxn)
                  0000a1a8    00000150     OneLib.a : gap_task.o (.text)
                  0000a2f8    0000014c              : ll_isr.o (.text)
                  0000a444    00000148     rf_multiMode_cc26x2.a : RFCC26X2_multiMode.c.cc26x2.ccs.o (.text:RF_fsmSetupState)
                  0000a58c    00000144     StackWrapper.a : gap.o (.text)
                  0000a6d0    00000140     OneLib.a : gattservapp.o (.text)
                  0000a810    00000140     main.obj (.text:main)
                  0000a950    0000013c     drivers_cc26x2.a : AESCCMCC26XX.oem4f (.text:AESCCM_startOperation)
                  0000aa8c    0000013a                      : UARTCC26XX.oem4f (.text:UARTCC26XX_read)
                  0000abc6    00000002     display.a : DisplayUart.oem4f (.text:DisplayUartAnsi_init)
                  0000abc8    00000138     drivers_cc26x2.a : ECDHCC26X2.oem4f (.text:ECDH_computeSharedSecret)
                  0000ad00    00000138                      : NVSCC26XX.oem4f (.text:NVSCC26XX_write)
                  0000ae38    00000138     rf_multiMode_cc26x2.a : RFCC26X2_multiMode.c.cc26x2.ccs.o (.text:RF_abortCmd)
                  0000af70    00000138                           : RFCC26X2_multiMode.c.cc26x2.ccs.o (.text:RF_ratSetupChannel)
                  0000b0a8    00000120     nvocmp.obj (.text:NVOCMP_compactPage$10)
                  0000b1c8    00000120     OneLib.a : ll_common.o (.text)
                  0000b2e8    00000120              : ll_data.o (.text)
                  0000b408    00000120     drivers_cc26x2.a : PowerCC26X2.oem4f (.text:configureXOSCHF)
                  0000b528    0000011c     OneLib.a : ll_isr.o (.text)
                  0000b644    00000114              : ll_common.o (.text)
                  0000b758    00000114     drivers_cc26x2.a : PINCC26XX.oem4f (.text:PINCC26XX_setIoCfg)
                  0000b86c    00000110                      : GPIOCC26XX.oem4f (.text:GPIO_setConfig)
                  0000b97c    0000010c     OneLib.a : gatt_client.o (.text)
                  0000ba88    00000108     drivers_cc26x2.a : AESECBCC26XX.oem4f (.text:AESECB_startOperation)
                  0000bb90    00000106     simple_peripheral_app_pem4f.oem4f (.text:xdc_runtime_System_printfExtend__I)
                  0000bc96    00000002     rom_init.obj (.text:MAP_llClearPeriodicAdvSets)
                  0000bc98    00000104     rf_multiMode_cc26x2.a : RFCC26X2_multiMode.c.cc26x2.ccs.o (.text:RF_hwiCpe0Active)
                  0000bd9c    00000104     simple_peripheral.obj (.text:SimplePeripheral_doSetConnPhy)
                  0000bea0    00000100     nvocmp.obj (.text:NVOCMP_findItem$10)
                  0000bfa0    000000fe     OneLib.a : ll_scheduler.o (.text)
                  0000c09e    00000002     rom_init.obj (.text:MAP_llClearPeriodicScanSets)
                  0000c0a0    000000fc     OneLib.a : ll_scheduler.o (.text)
                  0000c19c    000000fc              : ll_scheduler.o (.text)
                  0000c298    000000fc     rf_multiMode_cc26x2.a : RFCC26X2_multiMode.c.cc26x2.ccs.o (.text:RF_decodeOverridePointers)
                  0000c394    000000f8     drivers_cc26x2.a : AESCTRCC26XX.oem4f (.text:AESCTR_startOperation)
                  0000c48c    000000f8     OneLib.a : sm_rsppairing.o (.text)
                  0000c584    000000f4              : ll_scheduler.o (.text)
                  0000c678    000000f4     two_btn_menu.obj (.text:tbm_displayItemPage)
                  0000c76c    000000f0     OneLib.a : ll_ae.o (.text)
                  0000c85c    000000f0     rf_multiMode_cc26x2.a : RFCC26X2_multiMode.c.cc26x2.ccs.o (.text:RF_fsmPowerUpState)
                  0000c94c    000000ec     OneLib.a : gap_advertiser.o (.text)
                  0000ca38    000000ec              : ll_common.o (.text)
                  0000cb24    000000e4              : gapgattserver.o (.text)
                  0000cc08    000000e4              : ll_ae.o (.text)
                  0000ccec    000000e0     StackWrapper.a : osal_timers.o (.text)
                  0000cdcc    000000e0     drivers_cc26x2.a : UARTCC26XX.oem4f (.text:UARTCC26XX_write)
                  0000ceac    000000dc     OneLib.a : ll_ae.o (.text)
                  0000cf88    000000d8     driverlib.lib : aes.obj (.text:NOROM_AESWriteToKeyStore)
                  0000d060    000000d8                   : setup.obj (.text:NOROM_SetupTrimDevice)
                  0000d138    000000d8     rf_multiMode_cc26x2.a : RFCC26X2_multiMode.c.cc26x2.ccs.o (.text:RF_control)
                  0000d210    000000d8                           : RFCC26X2_multiMode.c.cc26x2.ccs.o (.text:RF_pendCmd)
                  0000d2e8    000000d8     simple_peripheral.obj (.text:SimplePeripheral_menuSwitchCb$5)
                  0000d3c0    000000d8     driverlib.lib : setup.obj (.text:TrimAfterColdResetWakeupFromShutDown$38)
                  0000d498    000000d4     drivers_cc26x2.a : ECDHCC26X2.oem4f (.text:ECDH_generatePublicKey)
                  0000d56c    000000d2     rf_multiMode_cc26x2.a : RFCC26X2_multiMode.c.cc26x2.ccs.o (.text:RF_updatePaConfiguration)
                  0000d63e    00000002     rom_init.obj (.text:MAP_llDmmDynamicFree)
                  0000d640    000000cc     OneLib.a : hci_event.o (.text)
                  0000d70c    000000cc     rf_multiMode_cc26x2.a : RFCC26X2_multiMode.c.cc26x2.ccs.o (.text:RF_swiHw)
                  0000d7d8    000000cc     StackWrapper.a : osal.o (.text)
                  0000d8a4    000000c8     OneLib.a : gap_scanner.o (.text)
                  0000d96c    000000c8              : gapgattserver.o (.text)
                  0000da34    000000c8              : ll_ae.o (.text)
                  0000dafc    000000c8     simple_peripheral.obj (.text:SimplePeripheral_processParamUpdate$5)
                  0000dbc4    000000c4     drivers_cc26x2.a : GPIOCC26XX.oem4f (.text:GPIO_init)
                  0000dc88    000000c0     nvocmp.obj (.text:NVOCMP_erase$10)
                  0000dd48    000000c0     OneLib.a : ll.o (.text)
                  0000de08    000000c0              : ll_isr.o (.text)
                  0000dec8    000000c0     drivers_cc26x2.a : PowerCC26X2.oem4f (.text:Power_releaseDependency)
                  0000df88    000000c0                      : TRNGCC26XX.oem4f (.text:TRNG_getRandom)
                  0000e048    000000c0                      : UARTCC26XX.oem4f (.text:UARTCC26XX_initIO)
                  0000e108    000000bc                      : AESCTRDRBGXX.oem4f (.text:AESCTRDRBG_construct)
                  0000e1c4    000000bc                      : AESCTRDRBGXX.oem4f (.text:AESCTRDRBG_getRandomBytes)
                  0000e280    000000bc     OneLib.a : ble.o (.text)
                  0000e33c    000000bc              : ll_ecc.o (.text)
                  0000e3f8    000000bc              : ll_scheduler.o (.text)
                  0000e4b4    000000bc     rf_multiMode_cc26x2.a : RFCC26X2_multiMode.c.cc26x2.ccs.o (.text:RF_initRadioSetup)
                  0000e570    000000b8     OneLib.a : ll.o (.text)
                  0000e628    000000b8              : ll_slave_end_causes.o (.text)
                  0000e6e0    000000b8     drivers_cc26x2.a : PowerCC26X2.oem4f (.text:Power_setDependency)
                  0000e798    000000b8     StackWrapper.a : gapbondmgr.o (.text)
                  0000e850    000000b8     drivers_cc26x2.a : UARTCC26XX.oem4f (.text:UARTCC26XX_initHw)
                  0000e908    000000b4                      : AESCTRDRBGXX.oem4f (.text:AESCTRDRBG_reseed)
                  0000e9bc    000000b0     OneLib.a : ll_enc.o (.text)
                  0000ea6c    000000b0     devinfoservice.obj (.text:devInfo_ReadAttrCB$16)
                  0000eb1c    000000ac     display.a : DisplayUart.oem4f (.text:DisplayUartAnsi_clearLines)
                  0000ebc8    000000ac     drivers_cc26x2.a : ECDHCC26X2.oem4f (.text:ECDHCC26X2_hwiFxn)
                  0000ec74    000000ac     OneLib.a : ll_ae.o (.text)
                  0000ed20    000000ac     drivers_cc26x2.a : PINCC26XX.oem4f (.text:PIN_open)
                  0000edcc    000000a8     nvocmp.obj (.text:NVOCMP_initNvApi$10)
                  0000ee74    000000a8     OneLib.a : hci_data.o (.text)
                  0000ef1c    000000a8              : ll.o (.text)
                  0000efc4    000000a8              : ll_common.o (.text)
                  0000f06c    000000a8     StackWrapper.a : gapbondmgr.o (.text)
                  0000f114    000000a7     display.a : DisplayUart.oem4f (.text:DisplayUartAnsi_open)
                  0000f1bb    00000001     --HOLE-- [fill = 0]
                  0000f1bc    000000a4     OneLib.a : ll_ae.o (.text)
                  0000f260    000000a4     rf_multiMode_cc26x2.a : RFCC26X2_multiMode.c.cc26x2.ccs.o (.text:RF_ratRestartChannels)
                  0000f304    000000a4     StackWrapper.a : gapbondmgr.o (.text)
                  0000f3a8    000000a4                    : osal_cbtimer.o (.text)
                  0000f44c    000000a0     OneLib.a : gattservapp.o (.text)
                  0000f4ec    000000a0              : ll_common.o (.text)
                  0000f58c    000000a0              : ll_scheduler.o (.text)
                  0000f62c    000000a0     auto_init.aem4f : auto_init.oem4f (.text)
                  0000f6cc    000000a0     rom_sysbios.aem4f : rom_sysbios.obj (.text:ti_sysbios_knl_Task_setPri__E)
                  0000f76c    0000009f     display.a : DisplayUart.oem4f (.text:DisplayUartAnsi_vprintf)
                  0000f80b    00000001     --HOLE-- [fill = 0]
                  0000f80c    0000009c     nvocmp.obj (.text:NVOCMP_readHeader$10)
                  0000f8a8    0000009c     OneLib.a : ll_common.o (.text)
                  0000f944    0000009c              : ll_ecc.o (.text)
                  0000f9e0    0000009c     drivers_cc26x2.a : TRNGCC26XX.oem4f (.text:TRNG_construct)
                  0000fa7c    0000009c     environmentalSensingService.obj (.text:environmentalSensing_ReadAttrCB$17)
                  0000fb18    0000009c     rtsv7M4_T_le_v4SPD16_eabi.lib : memcpy_t2.asm.obj (.text)
                  0000fbb4    00000098     OneLib.a : gattservapp.o (.text)
                  0000fc4c    00000098              : hci_event.o (.text)
                  0000fce4    00000098     rf_multiMode_cc26x2.a : RFCC26X2_multiMode.c.cc26x2.ccs.o (.text:RF_calculateDispatchTime)
                  0000fd7c    00000098     drivers_cc26x2.a : TRNGCC26XX.oem4f (.text:TRNGCC26XX_hwiFxn)
                  0000fe14    00000098                      : UARTCC26XX.oem4f (.text:writeTxFifoFlush)
                  0000feac    00000096     rtsv7M4_T_le_v4SPD16_eabi.lib : ull_div_t2.asm.obj (.text)
                  0000ff42    00000002     rom_init.obj (.text:MAP_llDmmSetThreshold)
                  0000ff44    00000094     icall.obj (.text:ICall_setTimer)
                  0000ffd8    00000094     OneLib.a : gatt_server.o (.text)
                  0001006c    00000094              : ll.o (.text)
                  00010100    00000094              : ll_common.o (.text)
                  00010194    00000094              : ll_scheduler.o (.text)
                  00010228    00000092              : gap_task.o (.text)
                  000102ba    00000092     drivers_cc26x2.a : UARTCC26XX.oem4f (.text:UARTCC26XX_writeCancel)
                  0001034c    00000090     gattservapp_util.obj (.text:GATTServApp_ProcessCharCfg)
                  000103dc    00000090     OneLib.a : ll.o (.text)
                  0001046c    00000090              : ll_ae.o (.text)
                  000104fc    00000090     rf_multiMode_cc26x2.a : RFCC26X2_multiMode.c.cc26x2.ccs.o (.text:RF_discardPendCmd)
                  0001058c    00000090                           : RFCC26X2_multiMode.c.cc26x2.ccs.o (.text:RF_getInfo)
                  0001061c    00000090     osal_icall_ble.obj (.text:osalInitTasks)
                  000106ac    00000090     simple_gatt_profile.obj (.text:simpleProfile_WriteAttrCB)
                  0001073c    0000008e     drivers_cc26x2.a : CryptoUtils.oem4f (.text:CryptoUtils_reverseCopyPad)
                  000107ca    00000002     rom_init.obj (.text:MAP_llEndPeriodicScanTask)
                  000107cc    0000008c     icall.obj (.text:ICall_heapMalloc)
                  00010858    0000008c     rom_sysbios.aem4f : rom_sysbios.obj (.text:ti_sysbios_gates_GateMutexPri_enter__E)
                  000108e4    0000008a     drivers_cc26x2.a : AESCTRDRBGXX.oem4f (.text:AESCTRDRBGXX_updateState)
                  0001096e    00000002     rom_init.obj (.text:MAP_llMaster_TaskEnd)
                  00010970    00000088     drivers_cc26x2.a : GPTimerCC26XX.oem4f (.text:GPTimerCC26XX_open)
                  000109f8    00000088     driverlib.lib : osc.obj (.text:NOROM_OSCHF_AttemptToSwitchToXosc)
                  00010a80    00000088     OneLib.a : hci_event.o (.text)
                  00010b08    00000088              : ll_isr.o (.text)
                  00010b90    00000088     rf_multiMode_cc26x2.a : RFCC26X2_multiMode.c.cc26x2.ccs.o (.text:RF_cmdDispatchTime)
                  00010c18    00000088     StackWrapper.a : osal_cbtimer.o (.text)
                  00010ca0    00000088     drivers_cc26x2.a : PowerCC26X2_calibrateRCOSC.oem4f (.text:calibrateRcoscHf2)
                  00010d28    00000088                      : PowerCC26X2.oem4f (.text:disableLFClockQualifiers)
                  00010db0    00000088     gattservapp_util.obj (.text:gattServApp_SendNotiInd$19)
                  00010e38    00000088     drivers_cc26x2.a : PowerCC26X2_calibrateRCOSC.oem4f (.text:updateSubSecInc)
                  00010ec0    00000084     OneLib.a : ll_ae.o (.text)
                  00010f44    00000084     rf_multiMode_cc26x2.a : RFCC26X2_multiMode.c.cc26x2.ccs.o (.text:RF_issueRadioFreeCb)
                  00010fc8    00000084                           : RFCC26X2_multiMode.c.cc26x2.ccs.o (.text:RF_verifyGap)
                  0001104c    00000084     simple_peripheral.obj (.text:SimplePeripheral_updatePHYStat$5)
                  000110d0    00000084     drivers_cc26x2.a : UARTCC26XX.oem4f (.text:UARTCC26XX_close)
                  00011154    00000080     driverlib.lib : chipinfo.obj (.text:NOROM_ChipInfo_GetChipType)
                  000111d4    00000080     drivers_cc26x2.a : NVSCC26XX.oem4f (.text:NVSCC26XX_open)
                  00011254    00000080     OneLib.a : ll_enc.o (.text)
                  000112d4    00000080     rom_sysbios.aem4f : rom_sysbios.obj (.text:ti_sysbios_family_arm_cc26xx_Timer_start__E)
                  00011354    0000007e     OneLib.a : gap_task.o (.text)
                  000113d2    00000002     rom_init.obj (.text:MAP_llPeriodicAdv_PostProcess)
                  000113d4    0000007c     nvocmp.obj (.text:NVOCMP_readItemApi$10)
                  00011450    0000007c     OneLib.a : ll_common.o (.text)
                  000114cc    0000007c     rf_multiMode_cc26x2.a : RFCC26X2_multiMode.c.cc26x2.ccs.o (.text:RF_ratFreeChannel)
                  00011548    0000007c     StackWrapper.a : gapbondmgr.o (.text)
                  000115c4    0000007a     OneLib.a : gattservapp.o (.text)
                  0001163e    0000007a     rtsv7M4_T_le_v4SPD16_eabi.lib : memset_t2.asm.obj (.text)
                  000116b8    00000078     icall.obj (.text:ICall_heapInit)
                  00011730    00000078     nvocmp.obj (.text:NVOCMP_checkItem$10)
                  000117a8    00000078     OneLib.a : ll_common.o (.text)
                  00011820    00000078     StackWrapper.a : osal_cbtimer.o (.text)
                  00011898    00000078     rom_sysbios.aem4f : rom_sysbios.obj (.text:ti_sysbios_heaps_HeapMem_allocUnprotected__E)
                  00011910    00000076     OneLib.a : ll_common.o (.text)
                  00011986    00000076     StackWrapper.a : gap.o (.text)
                  000119fc    00000074     nvocmp.obj (.text:NVOCMP_writeItemApi$10)
                  00011a70    00000074     OneLib.a : ll_enc.o (.text)
                  00011ae4    00000074     drivers_cc26x2.a : PowerCC26X2_calibrateRCOSC.oem4f (.text:PowerCC26X2_auxISR)
                  00011b58    00000074     rf_multiMode_cc26x2.a : RFCC26X2_multiMode.c.cc26x2.ccs.o (.text:RF_ratDisableChannel)
                  00011bcc    00000074     rom_sysbios.aem4f : rom_sysbios.obj (.text:ti_sysbios_gates_GateMutexPri_leave__E)
                  00011c40    00000072     rf_multiMode_cc26x2.a : RFCC26X2_multiMode.c.cc26x2.ccs.o (.text:RF_detachOverrides)
                  00011cb2    00000002     rom_init.obj (.text:MAP_llProcessPeriodicScanRxFIFO)
                  00011cb4    00000070     drivers_cc26x2.a : AESCCMCC26XX.oem4f (.text:AESCCM_cleanup)
                  00011d24    00000070     icall.obj (.text:ICall_heapGetStats)
                  00011d94    00000070     rf_multiMode_cc26x2.a : rfc.c.cc26x2.ccs.o (.text:NOROM_RFCAnaDivTxOverride)
                  00011e04    00000070     nvocmp.obj (.text:NVOCMP_eraseNvApi$10)
                  00011e74    00000070     OneLib.a : gatt_server.o (.text)
                  00011ee4    00000070              : ll_ae.o (.text)
                  00011f54    00000070              : ll_common.o (.text)
                  00011fc4    00000070              : ll_enc.o (.text)
                  00012034    00000070     drivers_cc26x2.a : PINCC26XX.oem4f (.text:PIN_add)
                  000120a4    00000070     rf_multiMode_cc26x2.a : RFCC26X2_multiMode.c.cc26x2.ccs.o (.text:RF_getCurrentTime)
                  00012114    00000070     drivers_cc26x2.a : Random.oem4f (.text:Random_seedAutomatic)
                  00012184    00000070     StackWrapper.a : osal.o (.text)
                  000121f4    00000070     environmentalSensingService.obj (.text:environmentalSensing_WriteAttrCB$17)
                  00012264    0000006e     OneLib.a : gatt_server.o (.text)
                  000122d2    0000006e     rf_multiMode_cc26x2.a : RFCC26X2_multiMode.c.cc26x2.ccs.o (.text:RF_attachOverrides)
                  00012340    0000006e                           : RFCC26X2_multiMode.c.cc26x2.ccs.o (.text:RF_howToSchedule)
                  000123ae    00000002     rom_init.obj (.text:MAP_llSetPeriodicSyncInfo)
                  000123b0    0000006d     rom_sysbios.aem4f : rom_sysbios.obj (.text:xdc_runtime_System_formatNum__I)
                  0001241d    00000001     --HOLE-- [fill = 0]
                  0001241e    00000002     rom_init.obj (.text:MAP_llUpdateCteState)
                  00012420    0000006c     nvocmp.obj (.text:NVOCMP_getDstPage$10)
                  0001248c    0000006c     OneLib.a : ll_isr.o (.text)
                  000124f8    0000006c     rf_multiMode_cc26x2.a : RFCC26X2_multiMode.c.cc26x2.ccs.o (.text:RF_dispatchNextEvent)
                  00012564    0000006c     simple_peripheral.obj (.text:SimplePeripheral_clearConnListEntry$5)
                  000125d0    0000006c     StackWrapper.a : osal_cbtimer.o (.text)
                  0001263c    00000068     drivers_cc26x2.a : CryptoUtils.oem4f (.text:CryptoUtils_copyPad)
                  000126a4    00000068     icall.obj (.text:ICall_enrollService)
                  0001270c    00000068     icall.obj (.text:ICall_send)
                  00012774    00000068     icall.obj (.text:ICall_sendServiceComplete)
                  000127dc    00000068     driverlib.lib : osc.obj (.text:NOROM_OSCHF_SwitchToRcOscTurnOffXosc)
                  00012844    00000068     OneLib.a : gap_task.o (.text)
                  000128ac    00000068              : gattservapp.o (.text)
                  00012914    00000068              : ll.o (.text)
                  0001297c    00000068              : ll_ae.o (.text)
                  000129e4    00000068     rf_multiMode_cc26x2.a : RFCC26X2_multiMode.c.cc26x2.ccs.o (.text:RF_hwiHw)
                  00012a4c    00000068     StackWrapper.a : osal_timers.o (.text)
                  00012ab4    00000068     rtsv7M4_T_le_v4SPD16_eabi.lib : copy_decompress_lzss.c.obj (.text:decompress:lzss:__TI_decompress_lzss)
                  00012b1c    00000066     OneLib.a : ll_common.o (.text)
                  00012b82    00000066     StackWrapper.a : icall_lite_translation.o (.text)
                  00012be8    00000064     drivers_cc26x2.a : AESCCMCC26XX.oem4f (.text:AESCCM_waitForResult)
                  00012c4c    00000064                      : AESCTRCC26XX.oem4f (.text:AESCTR_waitForResult)
                  00012cb0    00000064                      : AESECBCC26XX.oem4f (.text:AESECB_waitForResult)
                  00012d14    00000064     nvocmp.obj (.text:NVOCMP_findSignature$10)
                  00012d78    00000064     OneLib.a : gapgattserver.o (.text)
                  00012ddc    00000064              : gattservapp.o (.text)
                  00012e40    00000064              : ll_scheduler.o (.text)
                  00012ea4    00000064     simple_gatt_profile.obj (.text:SimpleProfile_SetParameter)
                  00012f08    00000064     drivers_cc26x2.a : UARTCC26XX.oem4f (.text:UARTCC26XX_control)
                  00012f6c    00000062     ti_drivers_config.obj (.text:Board_sendExtFlashByte)
                  00012fce    00000062     gattservapp_util.obj (.text:GATTServApp_ProcessCCCWriteReq)
                  00013030    00000062     rf_multiMode_cc26x2.a : RFCC26X2_multiMode.c.cc26x2.ccs.o (.text:RF_syncCb)
                  00013092    00000062     drivers_cc26x2.a : UARTCC26XX.oem4f (.text:UARTCC26XX_swiIntFxn)
                  000130f4    00000060                      : AESCCMCC26XX.oem4f (.text:AESCCM_hwiFxn)
                  00013154    00000060                      : AESCTRCC26XX.oem4f (.text:AESCTR_hwiFxn)
                  000131b4    00000060                      : AESECBCC26XX.oem4f (.text:AESECB_hwiFxn)
                  00013214    00000060                      : CryptoResourceCC26XX.oem4f (.text:CryptoResourceCC26XX_constructRTOSObjects)
                  00013274    00000060                      : GPIOCC26XX.oem4f (.text:GPIO_write)
                  000132d4    00000060     icall.obj (.text:ICall_createRemoteTasksAtRuntime)
                  00013334    00000060     OneLib.a : ll_common.o (.text)
                  00013394    00000060              : sm_pairing.o (.text)
                  000133f4    00000060     drivers_cc26x2.a : PKAResourceCC26XX.oem4f (.text:PKAResourceCC26XX_constructRTOSObjects)
                  00013454    00000060     rf_multiMode_cc26x2.a : RFCC26X2_multiMode.c.cc26x2.ccs.o (.text:RF_applyRfCorePatch)
                  000134b4    00000060     StackWrapper.a : gapbondmgr.o (.text)
                  00013514    00000060     drivers_cc26x2.a : TRNGCC26XX.oem4f (.text:TRNGCC26XX_startTrng)
                  00013574    0000005e     icall.obj (.text:ICall_fetchMsg)
                  000135d2    0000005e     OneLib.a : ll_common.o (.text)
                  00013630    0000005c     display.a : Display.oem4f (.text:Display_doOpen)
                  0001368c    0000005c     environmentalSensingService.obj (.text:EnvironmentalSensing_SetParameter)
                  000136e8    0000005c     icall.obj (.text:ICall_pwrUpdActivityCounter)
                  00013744    0000005c     nvocmp.obj (.text:NVOCMP_readItem$10)
                  000137a0    0000005c     OneLib.a : gap_perilinkmgr.o (.text)
                  000137fc    0000005c              : ll_scheduler.o (.text)
                  00013858    0000005c              : sm_intpairing.o (.text)
                  000138b4    0000005c              : sm_rsppairing.o (.text)
                  00013910    0000005c     drivers_cc26x2.a : PINCC26XX.oem4f (.text:PIN_remove)
                  0001396c    0000005c     rf_multiMode_cc26x2.a : RFCC26X2_multiMode.c.cc26x2.ccs.o (.text:RF_hwiCpe0PowerFsm)
                  000139c8    0000005c     drivers_cc26x2.a : NVSCC26XX.oem4f (.text:doErase)
                  00013a24    0000005c     simple_gatt_profile.obj (.text:simpleProfile_ReadAttrCB)
                  00013a80    0000005c     drivers_cc26x2.a : UARTCC26XX.oem4f (.text:startTxFifoEmptyClk)
                  00013adc    0000005c     simple_peripheral_app_pem4f.oem4f (.text:xdc_runtime_Startup_getState__I)
                  00013b38    00000058     drivers_cc26x2.a : ECDHCC26X2.oem4f (.text:ECDH_construct)
                  00013b90    00000058     icall.obj (.text:ICall_wait)
                  00013be8    00000058     OneLib.a : ll_ae.o (.text)
                  00013c40    00000058              : ll_common.o (.text)
                  00013c98    00000058              : ll_enc.o (.text)
                  00013cf0    00000058              : ll_isr.o (.text)
                  00013d48    00000058              : sm_pairing.o (.text)
                  00013da0    00000058     drivers_cc26x2.a : PowerCC26X2_calibrateRCOSC.oem4f (.text:PowerCC26X2_initiateCalibration)
                  00013df8    00000058     simple_peripheral.obj (.text:SimplePeripheral_enqueueMsg$5)
                  00013e50    00000058     simple_peripheral.obj (.text:SimplePeripheral_updateRPA$5)
                  00013ea8    00000058     StackWrapper.a : sm_ecc.o (.text)
                  00013f00    00000058     drivers_cc26x2.a : TRNGCC26XX.oem4f (.text:TRNG_init)
                  00013f58    00000058     boot.aem4f : boot.oem4f (.text)
                  00013fb0    00000058     rom_sysbios.aem4f : rom_sysbios.obj (.text:ti_sysbios_heaps_HeapMem_alloc__E)
                  00014008    00000056     rf_multiMode_cc26x2.a : RFCC26X2_multiMode.c.cc26x2.ccs.o (.text:RF_defaultSubmitPolicy)
                  0001405e    00000002     rom_init.obj (.text:MAP_llUpdatePeriodicAdvChainPacket)
                  00014060    00000054     drivers_cc26x2.a : AESCCMCC26XX.oem4f (.text:AESCCM_construct)
                  000140b4    00000054                      : AESCTRCC26XX.oem4f (.text:AESCTR_construct)
                  00014108    00000054                      : AESECBCC26XX.oem4f (.text:AESECB_construct)
                  0001415c    00000054     driverlib.lib : prcm.obj (.text:NOROM_PRCMPowerDomainsAllOff)
                  000141b0    00000054     nvocmp.obj (.text:NVOCMP_doNVCRC$10)
                  00014204    00000054     drivers_cc26x2.a : NVSCC26XX.oem4f (.text:NVSCC26XX_init)
                  00014258    00000054     OneLib.a : gattservapp.o (.text)
                  000142ac    00000054              : hci_event.o (.text)
                  00014300    00000054              : ll.o (.text)
                  00014354    00000054              : ll_ae.o (.text)
                  000143a8    00000054              : ll_ae.o (.text)
                  000143fc    00000054              : ll_ae.o (.text)
                  00014450    00000054     rf_multiMode_cc26x2.a : RFCC26X2_multiMode.c.cc26x2.ccs.o (.text:RF_fsmXOSCState)
                  000144a4    00000054     StackWrapper.a : osal_bufmgr.o (.text)
                  000144f8    00000054     drivers_cc26x2.a : StructRingBuf.oem4f (.text:StructRingBuf_put)
                  0001454c    00000054     dpl_cc26x2.a : SwiP_tirtos.oem4f (.text:SwiP_construct)
                  000145a0    00000054     util.obj (.text:Util_convertBdAddr2Str)
                  000145f4    00000054     rf_multiMode_cc26x2.a : rf_patch_cpe_bt5.c.cc26x2.ccs.o (.text:configureBt5Patch)
                  00014648    00000052     OneLib.a : gap_centlinkmgr.o (.text)
                  0001469a    00000050     drivers_cc26x2.a : AESCTRDRBGXX.oem4f (.text:AESCTRDRBGXX_addBigendCounter)
                  000146ea    00000002     rom_init.obj (.text:MAP_rf_patch_mce)
                  000146ec    00000050     drivers_cc26x2.a : GPIOCC26XX.oem4f (.text:GPIO_enableInt)
                  0001473c    00000050                      : GPTimerCC26XX.oem4f (.text:GPTimerCC26XX_registerInterrupt)
                  0001478c    00000050     nvocmp.obj (.text:NVOCMP_compactNvApi$10)
                  000147dc    00000050     OneLib.a : gap_perilinkmgr.o (.text)
                  0001482c    00000050              : hci_tl.o (.text)
                  0001487c    00000050              : ll_common.o (.text)
                  000148cc    00000050              : ll_enc.o (.text)
                  0001491c    00000050     StackWrapper.a : osal.o (.text)
                  0001496c    00000050                    : osal_clock.o (.text)
                  000149bc    00000050     drivers_cc26x2.a : TRNGCC26XX.oem4f (.text:TRNGCC26XX_waitForResult)
                  00014a0c    0000004e     StackWrapper.a : gap.o (.text)
                  00014a5a    00000002     rom_init.obj (.text:MAP_rf_patch_rfe)
                  00014a5c    0000004c     drivers_cc26x2.a : GPTimerCC26XX.oem4f (.text:GPTimerCC26XX_initHw)
                  00014aa8    0000004c                      : GPTimerCC26XX.oem4f (.text:GPTimerCC26XX_start)
                  00014af4    0000004c     icall.obj (.text:ICall_newTask$26)
                  00014b40    0000004c     driverlib.lib : prcm.obj (.text:NOROM_PRCMPowerDomainsAllOn)
                  00014b8c    0000004c     nvocmp.obj (.text:NVOCMP_loadApiPtrsMin)
                  00014bd8    0000004c     nvocmp.obj (.text:NVOCMP_setItemInactive$10)
                  00014c24    0000004c     OneLib.a : ble.o (.text)
                  00014c70    0000004c              : gap_scanner.o (.text)
                  00014cbc    0000004c              : ll_scheduler.o (.text)
                  00014d08    0000004c              : ll_scheduler.o (.text)
                  00014d54    0000004c     rf_multiMode_cc26x2.a : RFCC26X2_multiMode.c.cc26x2.ccs.o (.text:RF_wakeupNotification)
                  00014da0    0000004c     drivers_cc26x2.a : StructRingBuf.oem4f (.text:StructRingBuf_get)
                  00014dec    0000004c                      : UARTCC26XX.oem4f (.text:UARTCC26XX_readCancel)
                  00014e38    0000004c     util.obj (.text:Util_constructClock)
                  00014e84    0000004c     rtsv7M4_T_le_v4SPD16_eabi.lib : cpy_tbl.c.obj (.text:copy_in)
                  00014ed0    00000048     ti_drivers_config.obj (.text:Board_wakeUpExtFlash)
                  00014f18    00000048     drivers_cc26x2.a : GPTimerCC26XX.oem4f (.text:GPTimerCC26XXHwiFxn)
                  00014f60    00000048     rf_multiMode_cc26x2.a : rfc.c.cc26x2.ccs.o (.text:NOROM_RFCSynthPowerDown)
                  00014fa8    00000048     nvocmp.obj (.text:NVOCMP_write$10)
                  00014ff0    00000048     drivers_cc26x2.a : NVS.oem4f (.text:NVS_open)
                  00015038    00000048     OneLib.a : att_util.o (.text)
                  00015080    00000048              : gattservapp.o (.text)
                  000150c8    00000048              : ll.o (.text)
                  00015110    00000048              : ll.o (.text)
                  00015158    00000048              : ll_common.o (.text)
                  000151a0    00000048     drivers_cc26x2.a : PINCC26XX.oem4f (.text:PIN_setOutputEnable)
                  000151e8    00000048                      : PowerCC26X2_calibrateRCOSC.oem4f (.text:PowerCC26X2_RCOSC_clockFunc)
                  00015230    00000048                      : PowerCC26X2.oem4f (.text:PowerCC26XX_switchXOSC_HF)
                  00015278    00000048                      : NVSCC26XX.oem4f (.text:disableFlashCache)
                  000152c0    00000048                      : PowerCC26X2.oem4f (.text:switchXOSCHF)
                  00015308    00000048                      : UARTCC26XX.oem4f (.text:writeFinishedDoCallback)
                  00015350    00000046                      : RingBuf.oem4f (.text:RingBuf_put)
                  00015396    00000002     rf_multiMode_cc26x2.a : rfc.c.cc26x2.ccs.o (.text:NOROM_RFCCpePatchReset)
                  00015398    00000044     drivers_cc26x2.a : ECDHCC26X2.oem4f (.text:ECDHCC26X2_waitForResult)
                  000153dc    00000044                      : GPIOCC26XX.oem4f (.text:GPIO_disableInt)
                  00015420    00000044     nvocmp.obj (.text:NVOCMP_getFreeNvApi$10)
                  00015464    00000044     drivers_cc26x2.a : NVSCC26XX.oem4f (.text:NVSCC26XX_read)
                  000154a8    00000044     OneLib.a : ll.o (.text)
                  000154ec    00000044              : ll.o (.text)
                  00015530    00000044              : ll_ae.o (.text)
                  00015574    00000044              : ll_ae.o (.text)
                  000155b8    00000044              : ll_common.o (.text)
                  000155fc    00000044     drivers_cc26x2.a : PINCC26XX.oem4f (.text:PIN_swi)
                  00015640    00000044     simple_peripheral.obj (.text:SimplePeripheral_doSelectConn)
                  00015684    00000044     simple_gatt_profile.obj (.text:SimpleProfile_GetParameter)
                  000156c8    00000044     StackWrapper.a : osal.o (.text)
                  0001570c    00000044                    : osal_timers.o (.text)
                  00015750    00000044     drivers_cc26x2.a : UART.oem4f (.text:UART_init)
                  00015794    00000042     OneLib.a : ll.o (.text)
                  000157d6    00000042              : ll_common.o (.text)
                  00015818    00000040     dpl_cc26x2.a : ClockP_tirtos.oem4f (.text:ClockP_construct)
                  00015858    00000040     drivers_cc26x2.a : ECDHCC26X2.oem4f (.text:ECDHCC26X2_convertReturnValue)
                  00015898    00000040                      : ECDHCC26X2.oem4f (.text:ECDHCC26X2_getPublicKeyResult)
                  000158d8    00000040     driverlib.lib : osc.obj (.text:NOROM_OSC_HPOSCRelativeFrequencyOffsetGet)
                  00015918    00000040     OneLib.a : gap_configmgr.o (.text)
                  00015958    00000040              : gattservapp.o (.text)
                  00015998    00000040              : linkdb.o (.text)
                  000159d8    00000040              : ll_common.o (.text)
                  00015a18    00000040              : ll_common.o (.text)
                  00015a58    00000040              : sm_intpairing.o (.text)
                  00015a98    00000040     drivers_cc26x2.a : PowerCC26X2.oem4f (.text:PowerCC26XX_isStableXOSC_HF)
                  00015ad8    00000040                      : Random.oem4f (.text:Random_getNumber)
                  00015b18    00000040                      : RingBuf.oem4f (.text:RingBuf_get)
                  00015b58    00000040     StackWrapper.a : osal.o (.text)
                  00015b98    00000040                    : osal_bufmgr.o (.text)
                  00015bd8    00000040                    : osal_bufmgr.o (.text)
                  00015c18    00000040                    : osal_timers.o (.text)
                  00015c58    00000040     drivers_cc26x2.a : TRNGCC26XX.oem4f (.text:TRNGCC26XX_copyToClient)
                  00015c98    00000040                      : UART.oem4f (.text:UART_open)
                  00015cd8    00000040     rtsv7M4_T_le_v4SPD16_eabi.lib : u_divt2.asm.obj (.text)
                  00015d18    00000040     rom_sysbios.aem4f : rom_sysbios.obj (.text:ti_sysbios_family_arm_cc26xx_Timer_setThreshold__I)
                  00015d58    00000040                       : rom_sysbios.obj (.text:ti_sysbios_heaps_HeapCallback_Module_startup__E)
                  00015d98    0000003e     dpl_cc26x2.a : HwiP_tirtos.oem4f (.text:HwiP_construct)
                  00015dd6    0000003e     OneLib.a : ll_common.o (.text)
                  00015e14    0000003e     simple_peripheral.obj (.text:SimplePeripheral_passcodeCb$5)
                  00015e52    0000003e     drivers_cc26x2.a : TRNGCC26XX.oem4f (.text:TRNGCC26XX_serviceJob)
                  00015e90    0000003c     nvocmp.obj (.text:NVOCMP_disableCache$10)
                  00015ecc    0000003c     OneLib.a : gap_linkmgr.o (.text)
                  00015f08    0000003c              : gattservapp.o (.text)
                  00015f44    0000003c              : gattservapp.o (.text)
                  00015f80    0000003c              : gattservapp.o (.text)
                  00015fbc    0000003c              : linkdb.o (.text)
                  00015ff8    0000003c              : ll_ae.o (.text)
                  00016034    0000003c     drivers_cc26x2.a : PINCC26XX.oem4f (.text:PIN_setInterrupt)
                  00016070    0000003c                      : PINCC26XX.oem4f (.text:PIN_setOutputValue)
                  000160ac    0000003c     rf_multiMode_cc26x2.a : RFCC26X2_multiMode.c.cc26x2.ccs.o (.text:RF_cmdGet)
                  000160e8    0000003c                           : RFCC26X2_multiMode.c.cc26x2.ccs.o (.text:RF_cmdStoreEvents)
                  00016124    0000003c     simple_peripheral.obj (.text:SimplePeripheral_createTask)
                  00016160    0000003c     simple_peripheral.obj (.text:SimplePeripheral_setPhy$5)
                  0001619c    0000003c     simple_peripheral.obj (.text:SimplePeripheral_stopAutoPhyChange$5)
                  000161d8    0000003c     StackWrapper.a : osal.o (.text)
                  00016214    0000003c                    : osal.o (.text)
                  00016250    0000003c                    : osal.o (.text)
                  0001628c    0000003c                    : osal_timers.o (.text)
                  000162c8    0000003c                    : sm_ecc.o (.text)
                  00016304    0000003c     drivers_cc26x2.a : NVSCC26XX.oem4f (.text:checkEraseRange)
                  00016340    0000003c     AM2302.obj (.text:init_task_Temp)
                  0001637c    0000003c     rom_sysbios.aem4f : rom_sysbios.obj (.text:ti_sysbios_family_arm_m3_Hwi_construct2__E)
                  000163b8    0000003a     StackWrapper.a : osal.o (.text)
                  000163f2    00000002     OneLib.a : ll.o (.text)
                  000163f4    00000038     board_key.obj (.text:Board_keyCallback$3)
                  0001642c    00000038     ti_drivers_config.obj (.text:Board_shutDownExtFlash)
                  00016464    00000038     OneLib.a : hci.o (.text)
                  0001649c    00000038              : linkdb.o (.text)
                  000164d4    00000038              : ll_ae.o (.text)
                  0001650c    00000038              : ll_ae.o (.text)
                  00016544    00000038              : ll_common.o (.text)
                  0001657c    00000038              : ll_enc.o (.text)
                  000165b4    00000038              : ll_scheduler.o (.text)
                  000165ec    00000038              : sm_rsppairing.o (.text)
                  00016624    00000038     drivers_cc26x2.a : PINCC26XX.oem4f (.text:PIN_setConfig)
                  0001665c    00000038     rf_multiMode_cc26x2.a : RFCC26X2_multiMode.c.cc26x2.ccs.o (.text:RF_checkCmdFsError)
                  00016694    00000038     StackWrapper.a : osal_timers.o (.text)
                  000166cc    00000038     drivers_cc26x2.a : PowerCC26X2.oem4f (.text:notify)
                  00016704    00000038                      : UARTCC26XX.oem4f (.text:readData)
                  0001673c    00000038     two_btn_menu.obj (.text:tbm_findActiveItem)
                  00016774    00000038     two_btn_menu.obj (.text:tbm_goTo)
                  000167ac    00000038     rom_sysbios.aem4f : rom_sysbios.obj (.text:ti_sysbios_family_arm_cc26xx_Timer_getCurrentTick__E)
                  000167e4    00000038     drivers_cc26x2.a : UARTCC26XX.oem4f (.text:writeData)
                  0001681c    00000036     StackWrapper.a : ble_dispatch_lite.o (.text)
                  00016852    00000036     rom_sysbios.aem4f : rom_sysbios.obj (.text:ti_sysbios_family_arm_cc26xx_Timer_setNextTick__E)
                  00016888    00000034     gattservapp_util.obj (.text:GATTServApp_InitCharCfg)
                  000168bc    00000034     drivers_cc26x2.a : GPTimerCC26XX.oem4f (.text:GPTimerCC26XXSetLoadMatch)
                  000168f0    00000034                      : GPTimerCC26XX.oem4f (.text:GPTimerCC26XX_configureDebugStall)
                  00016924    00000034     icall.obj (.text:ICall_heapFree)
                  00016958    00000034     icall.obj (.text:ICall_searchServiceEntity)
                  0001698c    00000034     driverlib.lib : aes.obj (.text:NOROM_AESStartDMAOperation)
                  000169c0    00000034     nvocmp.obj (.text:NVOCMP_verifyCRC$10)
                  000169f4    00000034     OneLib.a : hci.o (.text)
                  00016a28    00000034              : hci_tl.o (.text)
                  00016a5c    00000034              : ll_ae.o (.text)
                  00016a90    00000034              : ll_scheduler.o (.text)
                  00016ac4    00000034              : ll_scheduler.o (.text)
                  00016af8    00000034     rf_multiMode_cc26x2.a : RFCC26X2_multiMode.c.cc26x2.ccs.o (.text:RF_powerConstraintRelease)
                  00016b2c    00000034                           : RFCC26X2_multiMode.c.cc26x2.ccs.o (.text:RF_runDirectImmediateCmd)
                  00016b60    00000034     simple_peripheral.obj (.text:SimplePeripheral_clockHandler$5)
                  00016b94    00000034     StackWrapper.a : gapbondmgr.o (.text)
                  00016bc8    00000034                    : icall_startup.o (.text)
                  00016bfc    00000034     drivers_cc26x2.a : UARTCC26XX.oem4f (.text:readData2RingBuf)
                  00016c30    00000034     rom_sysbios.aem4f : rom_sysbios.obj (.text:ti_sysbios_knl_Swi_setPri__E)
                  00016c64    00000032     icall.obj (.text:ICall_fetchServiceMsg)
                  00016c96    00000032     rom_sysbios.aem4f : rom_sysbios.obj (.text:ti_sysbios_gates_GateMutexPri_insertPri__I)
                  00016cc8    00000030     drivers_cc26x2.a : AESECBCC26XX.oem4f (.text:AESECB_cleanup)
                  00016cf8    00000030                      : GPIOCC26XX.oem4f (.text:GPIO_hwiIntFxn)
                  00016d28    00000030                      : GPIOCC26XX.oem4f (.text:GPIO_setCallback)
                  00016d58    00000030     icall.obj (.text:ICall_dispatch$26)
                  00016d88    00000030     icall.obj (.text:ICall_msecs2Ticks$26)
                  00016db8    00000030     icall.obj (.text:ICall_primEntityId2ServiceId$26)
                  00016de8    00000030     icall.obj (.text:ICall_searchTask$26)
                  00016e18    00000030     nvocmp.obj (.text:NVOCMP_changePageState$10)
                  00016e48    00000030     drivers_cc26x2.a : NVSCC26XX.oem4f (.text:NVSCC26XX_erase)
                  00016e78    00000030     OneLib.a : gattservapp.o (.text)
                  00016ea8    00000030              : ll_scheduler.o (.text)
                  00016ed8    00000030     drivers_cc26x2.a : PINCC26XX.oem4f (.text:PINCC26XX_setMux)
                  00016f08    00000030                      : PowerCC26X2.oem4f (.text:Power_releaseConstraint)
                  00016f38    00000030                      : PowerCC26X2.oem4f (.text:Power_setConstraint)
                  00016f68    00000030     StackWrapper.a : osal_timers.o (.text)
                  00016f98    00000030     drivers_cc26x2.a : TRNGCC26XX.oem4f (.text:TRNGCC26XX_fillEntropyPool)
                  00016fc8    00000030                      : TRNGCC26XX.oem4f (.text:TRNG_generateKey)
                  00016ff8    00000030     rf_multiMode_cc26x2.a : rf_patch_cpe_bt5.c.cc26x2.ccs.o (.text:applyBt5Patch)
                  00017028    00000030     AM2302.obj (.text:init_sem_Temp)
                  00017058    00000030     simple_peripheral_app_pem4f.oem4f (.text:ti_sysbios_BIOS_atExitFunc__I)
                  00017088    00000030     simple_peripheral_app_pem4f.oem4f (.text:ti_sysbios_BIOS_startFunc__I)
                  000170b8    00000030     rom_sysbios.aem4f : rom_sysbios.obj (.text:ti_sysbios_family_arm_cc26xx_Timer_initDevice__I)
                  000170e8    00000030     simple_peripheral_app_pem4f.oem4f (.text:ti_sysbios_gates_GateMutexPri_Object__create__S)
                  00017118    00000030     simple_peripheral_app_pem4f.oem4f (.text:ti_sysbios_gates_GateMutexPri_create)
                  00017148    00000030     simple_peripheral_app_pem4f.oem4f (.text:ti_sysbios_heaps_HeapCallback_Object__create__S)
                  00017178    00000030     rom_sysbios.aem4f : rom_sysbios.obj (.text:ti_sysbios_knl_Clock_getTimeout__E)
                  000171a8    0000002e     icall_cc2650.obj (.text:ICallPlatform_pwrDispenseImpl$27)
                  000171d6    0000002e     icall_cc2650.obj (.text:ICallPlatform_pwrRequireImpl$27)
                  00017204    0000002e     OneLib.a : gattservapp.o (.text)
                  00017232    00000002              : ll.o (.text)
                  00017234    0000002c     drivers_cc26x2.a : GPTimerCC26XX.oem4f (.text:GPTimerCC26XX_getTimerValue)
                  00017260    0000002c     icall.obj (.text:ICall_getLocalMsgEntityId)
                  0001728c    0000002c     icall.obj (.text:ICall_msgEnqueue$26)
                  000172b8    0000002c     drivers_cc26x2.a : NVS.oem4f (.text:NVS_init)
                  000172e4    0000002c     OneLib.a : gatt_task.o (.text)
                  00017310    0000002c              : gattservapp.o (.text)
                  0001733c    0000002c     rf_multiMode_cc26x2.a : RFCC26X2_multiMode.c.cc26x2.ccs.o (.text:RF_executeDirectImmediateCmd)
                  00017368    0000002c     rom_init.obj (.text:ROM_Init)
                  00017394    0000002c     dpl_cc26x2.a : SemaphoreP_tirtos.oem4f (.text:SemaphoreP_constructBinary)
                  000173c0    0000002c                  : SemaphoreP_tirtos.oem4f (.text:SemaphoreP_createBinary)
                  000173ec    0000002c     StackWrapper.a : hal_assert.o (.text)
                  00017418    0000002c                    : osal_bufmgr.o (.text)
                  00017444    0000002c     drivers_cc26x2.a : TRNGCC26XX.oem4f (.text:TRNGCC26XX_stopTrng)
                  00017470    0000002c     AM2302.obj (.text:init_mbx_Temp)
                  0001749c    0000002c     simple_peripheral_app_pem4f.oem4f (.text:ti_sysbios_gates_GateMutexPri_Handle__label__S)
                  000174c8    0000002c     simple_peripheral_app_pem4f.oem4f (.text:ti_sysbios_heaps_HeapCallback_Handle__label__S)
                  000174f4    0000002a     display.a : DisplayUart.oem4f (.text:DisplayUartAnsi_clear)
                  0001751e    0000002a               : Display.oem4f (.text:Display_doPrintf)
                  00017548    0000002a     drivers_cc26x2.a : List.oem4f (.text:List_insert)
                  00017572    0000002a     rf_multiMode_cc26x2.a : RFCC26X2_multiMode.c.cc26x2.ccs.o (.text:RF_searchAndReplacePAOverride)
                  0001759c    0000002a     simple_peripheral.obj (.text:SimplePeripheral_pairStateCb$5)
                  000175c6    00000002     rf_multiMode_cc26x2.a : RFCC26X2_multiMode.c.cc26x2.ccs.o (.text:RF_defaultCallback)
                  000175c8    00000028     drivers_cc26x2.a : AESCTRCC26XX.oem4f (.text:AESCTR_cleanup)
                  000175f0    00000028     rf_multiMode_cc26x2.a : rfc.c.cc26x2.ccs.o (.text:NOROM_RFCOverrideSearch)
                  00017618    00000028     nvocmp.obj (.text:NVOCMP_setCompactHdr$10)
                  00017640    00000028     OneLib.a : gattservapp.o (.text)
                  00017668    00000028              : ll_common.o (.text)
                  00017690    00000028     drivers_cc26x2.a : PowerCC26X2.oem4f (.text:Power_registerNotify)
                  000176b8    00000028     rf_multiMode_cc26x2.a : RFCC26X2_multiMode.c.cc26x2.ccs.o (.text:RF_calculateDeltaTimeUs)
                  000176e0    00000028                           : RFCC26X2_multiMode.c.cc26x2.ccs.o (.text:RF_runScheduleCmd)
                  00017708    00000028     StackWrapper.a : osal.o (.text)
                  00017730    00000028                    : osal_snv_wrapper.o (.text)
                  00017758    00000028                    : osal_snv_wrapper.o (.text)
                  00017780    00000028                    : osal_snv_wrapper.o (.text)
                  000177a8    00000028     drivers_cc26x2.a : PowerCC26X2.oem4f (.text:oscillatorISR)
                  000177d0    00000028                      : NVSCC26XX.oem4f (.text:restoreFlashCache)
                  000177f8    00000028     two_btn_menu.obj (.text:tbm_setItemStatus)
                  00017820    00000026     drivers_cc26x2.a : GPTimerCC26XX.oem4f (.text:GPTimerCC26XXLookupMask)
                  00017846    00000026     icall.obj (.text:ICall_sendServiceMsg)
                  0001786c    00000026     drivers_cc26x2.a : List.oem4f (.text:List_put)
                  00017892    00000026                      : List.oem4f (.text:List_putHead)
                  000178b8    00000026                      : List.oem4f (.text:List_remove)
                  000178de    00000026     simple_peripheral.obj (.text:SimplePeripheral_advCallback$5)
                  00017904    00000024     drivers_cc26x2.a : AESCTRDRBGXX.oem4f (.text:AESCTRDRBG_uninstantiate)
                  00017928    00000024                      : GPTimerCC26XX.oem4f (.text:GPTimerCC26XX_enableInterrupt)
                  0001794c    00000024     driverlib.lib : osc.obj (.text:NOROM_OSCHF_TurnOnXosc)
                  00017970    00000024     rf_multiMode_cc26x2.a : rfc.c.cc26x2.ccs.o (.text:NOROM_RFCDoorbellSendTo)
                  00017994    00000024     OneLib.a : gapgattserver.o (.text)
                  000179b8    00000024              : gatt_server.o (.text)
                  000179dc    00000024     rf_multiMode_cc26x2.a : RFCC26X2_multiMode.c.cc26x2.ccs.o (.text:RF_cmdAlloc)
[...]
20000fc9  rssiCorrection                                                  
20000fca  curTxPowerVal                                                   
20000fcb  maxTxPwrForDTM                                                  
20000fcc  onePktPerEvt                                                    
20000fcd  numComplPkts                                                    
20000fce  numComplPktsLimit                                               
20000fcf  numComplPktsFlush                                               
20000fd0  fastTxRespTime                                                  
20000fd1  slOverride                                                      
20000fd2  rxFifoFlowCtrl                                                  
20000fd3  numTxDataBufs                                                   
20000fd4  maxNumConns                                                     
20000fd5  aeCurHandle                                                     
20000fd6  aeCurAdvEnableHandle                                            
20000fd7  aeCurConnHandle                                                 
20000fd8  extScanIndex                                                    
20000fd9  extInitIndex                                                    
20000fda  scanState                                                       
20000fdb  lastPrimPhy                                                     
20000fdc  lastScanRsp                                                     
20000fdd  smTaskID                                                        
20000fde  SM_appExpectingKey                                              
200016bd  autoConnect                                                     
200016c4  dispHandle                                                      
20001758  spTask                                                          
20001868  PowerCC26X2_module                                              
20001afc  ROM_stateStruct                                                 
20001afc  ti_sysbios_knl_Clock_Module__state__V                           
20001b28  ti_sysbios_family_arm_cc26xx_TimestampProvider_Module__state__V 
20001b2c  xdc_runtime_Startup_Module__state__V                            
20001b34  xdc_runtime_Registry_Module__state__V                           
20001b3c  ti_sysbios_BIOS_Module__state__V                                
20001b60  ti_sysbios_knl_Swi_Module__state__V                             
20001b7c  ti_sysbios_knl_Task_Module__state__V                            
20001bc0  xdc_runtime_Memory_Module__state__V                             
20001bc4  xdc_runtime_System_Module__state__V                             
20001bcc  ti_sysbios_family_arm_m3_Hwi_Module__state__V                   
20001c00  ti_sysbios_family_arm_cc26xx_Timer_Module__state__V             
20001dec  ICall_enterCriticalSection                                      
20001df0  ICall_leaveCriticalSection                                      
20001df4  ICall_dispatcher                                                
20001e08  heapmgrMemFreeTotal                                             
20001e14  HEAPMGR_SIZE                                                    
20001e9c  gapAttrTbl                                                      
20001f4c  pairMode                                                        
20001f4d  mitm                                                            
20001f4e  ioCap                                                           
20001f4f  bonding                                                         
20001f50  secureConnection                                                
20001f51  authenPairingOnly                                               
20001f52  autoSyncWL                                                      
20001f53  eccReGenPolicy                                                  
20001f54  KeySize                                                         
20001f55  removeLRUBond                                                   
20001f56  KeyDistList                                                     
20001f57  eccDebugKeys                                                    
20001f58  allowDebugKeys                                                  
20001f59  eraseBondWhileInConn                                            
20001f5c  pRandomAddress                                                  
20001f60  attDeviceName                                                   
20001f75  scanResData1                                                    
20001f8a  advData2                                                        
20001f9f  advData1                                                        
20001fb8  advParams1                                                      
20001fd4  advParams2                                                      
20001ff0  timerTempHandle                                                 
20001ff4  semTempHandle                                                   
20001ff8  mbxTempHandle                                                   
20001ffc  user0Cfg                                                        
2000200c  semTempStruct                                                   
20002028  readAM2302Task                                                  
20002078  llUserConfig                                                    
200020de  gAction                                                         
200020df  NVOCMP_size                                                     
2000210c  NVOCMP_nvHandle                                                 
2000213c  pOverrides_bleCommon                                            
20002190  txPowerTable_2400_pa5                                           
200021e0  ti_sysbios_knl_Task_Object__table__V                            
20002230  appKeyChangeHandler                                             
20002234  hKeyPins                                                        
20002238  keyPinsCfg                                                      
20002244  keyPins                                                         
20002274  patchedSlaveCtrlPktList                                         
20002278  ti_sysbios_family_arm_cc26xx_Timer_Object__table__V             
200022c0  gattAttrTbl                                                     
20002300  sm_eccKeys_sc_host_debug                                        
20002340  eccParams_NISTP256                                              
20002380  nvintfFncStruct                                                 
200023bc  ti_sysbios_gates_GateMutex_Object__table__V                     
200023f4  ti_sysbios_knl_Swi_Module_State_0_readyQ__A                     
20002424  ti_sysbios_knl_Swi_Object__table__V                             
20002454  ti_sysbios_knl_Task_Module_State_0_readyQ__A                    
20002484  _hposcCoeffs                                                    
200024c8  ti_sysbios_knl_Clock_Object__table__V                           
200024e8  xdc_runtime_Error_IgnoreBlock                                   
20002508  ti_sysbios_family_arm_m3_Hwi_Object__table__V                   
20002520  tbmRowItemLast                                                  
200025d0  gattAttrTbl_gatt_no_service_changed                             
200025e0  rfMode                                                          
200025f0  sizeInfo                                                        
20002600  bleAppServiceInfoTable                                          
20002610  gpioCallbackFunctions                                           
20002620  gpioPinConfigs                                                  
20002630  pOverrides_ble2Mbps                                             
20002640  pOverrides_bleCoded                                             
20002650  pOverrides_ble1Mbps                                             
2000265c  ti_sysbios_heaps_HeapCallback_Object__table__V                  
2000267c  bleUserCfg_maxPduSize                                           
20002680  appAssertCback                                                  
20002684  pfnBMFree                                                       
20002688  lastAppOpcodeIdxSent                                            
2000268c  _lock                                                           
20002690  _unlock                                                         
20002694  periConnParameters                                              
2000269c  RFCC26XX_schedulerPolicy                                        
200026a4  pinUpperBound                                                   
200026a8  pinLowerBound                                                   
200026ac  pfnBMAlloc                                                      
200026b0  pRfErrCb                                                        
200026bc  ti_sysbios_family_arm_m3_Hwi_Module__root__V                    
200026c4  ti_sysbios_gates_GateHwi_Module__root__V                        
200026cc  ti_sysbios_gates_GateMutexPri_Module__root__V                   
200026d4  ti_sysbios_gates_GateMutex_Module__root__V                      
200026dc  ti_sysbios_hal_Hwi_Module__root__V                              
200026e4  ti_sysbios_heaps_HeapCallback_Module__root__V                   
200026ec  ti_sysbios_heaps_HeapMem_Module__root__V                        
200026f4  ti_sysbios_knl_Clock_Module__root__V                            
200026fc  ti_sysbios_knl_Event_Module__root__V                            
20002704  ti_sysbios_knl_Mailbox_Module__root__V                          
2000270c  ti_sysbios_knl_Queue_Module__root__V                            
20002714  ti_sysbios_knl_Semaphore_Module__root__V                        
2000271c  ti_sysbios_knl_Swi_Module__root__V                              
20002724  ti_sysbios_knl_Task_Module__root__V                             
20002736  disconnectImmedConnId                                           
20002738  halAssertCback                                                  
2000273c  icallServiceTblPtr                                              
20002744  main_func_sp                                                    
20002748  ti_sysbios_family_arm_m3_Hwi_Module_State_0_excContext__A       
2000274c  ti_sysbios_family_arm_m3_Hwi_Module_State_0_excStack__A         
20002750  ti_sysbios_knl_Task_Module_State_0_idleTask__A                  
20002754  llUserConfig_maxPduSize                                         
20002756  baseTaskID                                                      
20002758  CryptoResourceCC26XX_pollingFlag                                
2000275a  PKAResourceCC26XX_pollingFlag                                   
2000275e  ti_sysbios_family_arm_m3_Hwi_Module_State_0_excActive__A        
20002760  deviceNameCharProps                                             
20002761  appearanceCharProps                                             
20002762  periConnParamCharProps                                          
20002763  centAddrResCharProps                                            
20002764  centAddrRes                                                     
20002765  resolvablePrivateAddressOnlyCharProps                           
20002766  GATTServApp_gatt_no_service_changed                             
20002768  qosDefaultPriorityConnParameter                                 
20002769  extScanChanMap                                                  
2000276a  sizeOfAllExtConnParam                                           
2000276b  rfRatHandle                                                     
2000276c  smAllowDebugKeysMode                                            
2000276d  gapEndAppTaskID                                                 
2000276e  gapAppTaskID                                                    
2000276f  legacyMode                                                      
20002770  argPeriodic                                                     
20002771  argRpaRead                                                      
20002f80  spTaskStack                                                     
20003380  ti_sysbios_knl_Task_Instance_State_0_stack__A                   
20003680  uartCC26XXObjects                                               
2000383c  ti_sysbios_family_arm_m3_Hwi_dispatchTable                      
20003914  trngCC26XXObjects                                               
20003a18  pinHandleTable                                                  
20003a94  cbTimers                                                        
20003b0c  spMenuMain                                                      
20003b20  spMenuSelectConn                                                
20003b34  spMenuPerConn                                                   
20003b48  spMenuConnPhy                                                   
20003b5c  spMenuAutoConnect                                               
20003b70  aesctrdrbgXXObjects                                             
20003c18  CryptoResourceCC26XX_accessSemaphore                            
20003c68  CryptoResourceCC26XX_operationSemaphore                         
20003cb8  PKAResourceCC26XX_accessSemaphore                               
20003d08  PKAResourceCC26XX_operationSemaphore                            
20003d58  gptimerCC26XXObjects                                            
20003da4  nvFptrs                                                         
20003e1c  llCteSamples                                                    
20003e40  req                                                             
20003e60  gapBond_remoteOobData                                           
20003e80  gapBond_localOobData                                            
20003f00  ecdhCC26X2Objects                                               
20003f74  CryptoResourceCC26XX_hwi                                        
20003f90  PKAResourceCC26XX_hwi                                           
20003fac  deviceName                                                      
20003fc4  llCoex                                                          
20003fdc  aesccmCC26XXObjects                                             
20003ff4  aesctrCC26XXObjects                                             
2000400c  aesecbCC26XXObjects                                             
2000405c  llCteTest                                                       
20004068  cteAntennaProp                                                  
20004074  llTaskList                                                      
20004098  displayUartObject                                               
200040a4  secondaryAdvChannelMap                                          
200040ac  llRfCmdPreemption                                               
200040bc  ggs_AppCBs                                                      
200040c4  BDAddrPerConnHandle                                             
200040c8  llCte                                                           
200040cc  llConnExtParam                                                  
200040d0  extStackSettings                                                
200040d4  trngHandle                                                      
200040d8  LSTORecoveryArr                                                 
200040dc  pNextAdvSet                                                     
200040e0  llCurrentMappedChan                                             
200040e4  drbgHandle                                                      
200040e8  pRpaCfg                                                         
200040ec  gapBond_lruBondList                                             
200040f0  gapBondStateNodeHead                                            
200040f4  osal_syncHandle                                                 
200040f8  osal_tickperiod                                                 
200040fc  osal_max_msecs                                                  
20004100  osal_icallMsg_hook                                              
20004104  osal_qHead                                                      
20004108  osal_eventloop_hook                                             
20004114  OSAL_timeSeconds                                                
20004118  timerHead                                                       
20004120  osal_last_timestamp                                             
2000412c  nvsCC26XXObjects                                                
20004130  tasksEvents                                                     
20004134  appearance                                                      
20004136  maximumPduSize                                                  
2000413a  pwrmgr_attribute                                                
2000413c  resolvablePrivateAddressOnly                                    
2000413d  GATTServApp_att_delayed_req                                     
2000413e  hciTaskID                                                       
2000413f  hciL2capTaskID                                                  
20004140  hciGapTaskID                                                    
20004141  hciSmpTaskID                                                    
20004142  hciTestTaskID                                                   
20004143  hciVsEvtMask                                                    
20004144  scanReqRpt                                                      
20004145  secondaryAdvChannelMapPopCount                                  
20004146  qosDefaultPriorityAdvParameter                                  
20004147  maxNumCteDataBufs                                               
20004148  numActiveAdvSets                                                
20004149  wlSize                                                          
2000414a  rlSize                                                          
2000414b  decryptResult                                                   
2000414c  llUnhandleNextIntFlag                                           
2000414d  smAuthenPairingOnlyMode                                         
2000414e  icall_liteTaskId                                                
2000414f  gapBond_removeLRUBond                                           
20004150  gapBond_syncRL                                                  
20004151  assertSubcause                                                  
20004152  osal_entity                                                     
20004153  pwrmgr_initialized                                              
20004155  driverlib_release_0_60278                                       
20004156  heapStart                                                       
20013c00  __stack                                                         
20013c00  heapEnd                                                         
20014000  __STACK_END                                                     
20014000  __STACK_TOP                                                     
20014000  __UNUSED_SRAM_end__                                             
e000e000  ti_sysbios_family_arm_m3_Hwi_nvic                               
ffffffff  __TI_pprof_out_hndl                                             
ffffffff  __TI_prof_data_size                                             
ffffffff  __TI_prof_data_start                                            
ffffffff  __binit__                                                       
ffffffff  __c_args__                                                      
ffffffff  binit                                                           
UNDEFED   SHT$$INIT_ARRAY$$Base                                           
UNDEFED   SHT$$INIT_ARRAY$$Limit                                          

[3048 symbols]
