******************************************************************************
                  TI ARM Linker PC v20.2.4                     
******************************************************************************
>> Linked Fri Sep  3 03:53:45 2021

OUTPUT FILE NAME:   <simple_peripheral_CC26X2R1_LAUNCHXL_tirtos_ccs.out>
ENTRY POINT SYMBOL: "ResetISR"  address: 00013f55


MEMORY CONFIGURATION

         name            origin    length      used     unused   attr    fill
----------------------  --------  ---------  --------  --------  ----  --------
  FLASH                 00000000   00056000  00020334  00035ccc  R  X
  FLASH_LAST_PAGE       00056000   00002000  00000058  00001fa8  R  X
  RTOS_SRAM             20000000   0000012c  000000e4  00000048  RW X
  SRAM                  20000fdf   00013021  000034f6  0000fb2b  RW X


SEGMENT ALLOCATION MAP

run origin  load origin   length   init length attrs members
----------  ----------- ---------- ----------- ----- -------
00000000    00000000    0001c338   0001c338    r-x
  00000000    00000000    0000003c   0000003c    r-- .resetVecs
  0000003c    0000003c    00019ac4   00019ac4    r-x .text
  00019b00    00019b00    000020a8   000020a8    r-- .const
  0001bba8    0001bba8    00000144   00000144    r-- .rodata
  0001bcf0    0001bcf0    00000648   00000648    r-- .cinit
00048000    00048000    00004000   00000000    rw-
  00048000    00048000    00004000   00000000    rw- .TI.bound:flashBuf0
00057fa8    00057fa8    00000058   00000058    r--
  00057fa8    00057fa8    00000058   00000058    r-- .ccfg
20000100    20000100    0000000c   00000000    rw-
  20000100    20000100    00000004   00000000    rw- .data:xdcRomConstPtr
  20000104    20000104    00000004   00000000    rw- .data:xdcRomExternFuncPtr
  20000108    20000108    00000004   00000000    rw- .data:xdcRomStatePtr
20000fe0    20000fe0    000030f6   00000000    rw-
  20000fe0    20000fe0    0000171f   00000000    rw- .data
  20002700    20002700    000019d6   00000000    rw- .bss
20013c00    20013c00    00000400   00000000    rw-
  20013c00    20013c00    00000400   00000000    rw- .stack


SECTION ALLOCATION MAP

 output                                  attributes/
section   page    origin      length       input sections
--------  ----  ----------  ----------   ----------------
.cinit     0    0001bcf0    00000648     
                  0001bcf0    000005f1     (.cinit..data.load) [load image, compression = lzss]
                  0001c2e1    00000003     --HOLE-- [fill = 0]
                  0001c2e4    0000000c     (__TI_handler_table)
                  0001c2f0    00000008     (.cinit..bss.load) [load image, compression = zero_init]
                  0001c2f8    00000008     (.cinit..data:xdcRomConstPtr.load) [load image, compression = lzss]
                  0001c300    00000008     (.cinit..data:xdcRomExternFuncPtr.load) [load image, compression = lzss]
                  0001c308    00000008     (.cinit..data:xdcRomStatePtr.load) [load image, compression = lzss]
                  0001c310    00000028     (__TI_cinit_table)

.init_array 
*          0    00000000    00000000     UNINITIALIZED

.ccfg      0    00057fa8    00000058     
                  00057fa8    00000058     ti_devices_config.obj (.ccfg:retain)

.data:xdcRomConstPtr 
*          0    20000100    00000004     UNINITIALIZED
                  20000100    00000004     simple_peripheral_app_pem4f.oem4f (.data:xdcRomConstPtr)

.data:xdcRomExternFuncPtr 
*          0    20000104    00000004     UNINITIALIZED
                  20000104    00000004     simple_peripheral_app_pem4f.oem4f (.data:xdcRomExternFuncPtr)

.data:xdcRomStatePtr 
*          0    20000108    00000004     UNINITIALIZED
                  20000108    00000004     simple_peripheral_app_pem4f.oem4f (.data:xdcRomStatePtr)

.data      0    20000fe0    0000171f     UNINITIALIZED
                  20000fe0    00000508     rf_multiMode_cc26x2.a : RFCC26X2_multiMode.c.cc26x2.ccs.o (.data:$O1$$)
                  200014e8    000001d4     devinfoservice.obj (.data:$O11$$)
                  200016bc    000001ac     simple_peripheral.obj (.data:$O3$$)
                  20001868    00000170     drivers_cc26x2.a : PowerCC26X2.oem4f (.data:PowerCC26X2_module)
                  200019d8    00000124     simple_gatt_profile.obj (.data:$O15$$)
                  20001afc    0000010c     simple_peripheral_app_pem4f.oem4f (.data:ROM_stateStruct)
                  20001c08    000000f8     StackWrapper.a : gapbondmgr.o (.data)
                  20001d00    000000b8     environmentalSensingService.obj (.data:$O12$$)
                  20001db8    000000b0     OneLib.a : gapgattserver.o (.data)
                  20001e68    000000a4     ti_ble_config.obj (.data:$O1$$)
                  20001f0c    0000009c     icall.obj (.data:$O17$$)
                  20001fa8    00000088     main.obj (.data:$O16$$)
                  20002030    00000064     OneLib.a : ll_config.o (.data)
                  20002094    00000060     nvocmp.obj (.data:$O6$$)
                  200020f4    00000054     ti_radio_config.obj (.data:pOverrides_bleCommon)
                  20002148    00000050     ti_radio_config.obj (.data:txPowerTable_2400_pa5)
                  20002198    0000004c     simple_peripheral_app_pem4f.oem4f (.data:ti_sysbios_knl_Task_Object__table__V)
                  200021e4    00000048     board_key.obj (.data:$O2$$)
                  2000222c    00000004     OneLib.a : ll_slave_end_causes.o (.data)
                  20002230    00000048     simple_peripheral_app_pem4f.oem4f (.data:ti_sysbios_family_arm_cc26xx_Timer_Object__table__V)
                  20002278    00000040     OneLib.a : gattservapp.o (.data)
                  200022b8    00000040              : sm_pairing.o (.data)
                  200022f8    00000040     ble_user_config.obj (.data:eccParams_NISTP256)
                  20002338    0000003c     icall_user_config.obj (.data:nvintfFncStruct)
                  20002374    00000038     simple_peripheral_app_pem4f.oem4f (.data:ti_sysbios_gates_GateMutex_Object__table__V)
                  200023ac    00000030     simple_peripheral_app_pem4f.oem4f (.data:ti_sysbios_knl_Swi_Module_State_0_readyQ__A)
                  200023dc    00000030     simple_peripheral_app_pem4f.oem4f (.data:ti_sysbios_knl_Swi_Object__table__V)
                  2000240c    00000030     simple_peripheral_app_pem4f.oem4f (.data:ti_sysbios_knl_Task_Module_State_0_readyQ__A)
                  2000243c    00000024     driverlib.lib : osc.obj (.data:$O23$$)
                  20002460    00000020     drivers_cc26x2.a : TRNGCC26XX.oem4f (.data:entropyPoolBuffer)
                  20002480    00000020     simple_peripheral_app_pem4f.oem4f (.data:ti_sysbios_knl_Clock_Object__table__V)
                  200024a0    00000020     simple_peripheral_app_pem4f.oem4f (.data:xdc_runtime_Error_IgnoreBlock)
                  200024c0    00000018     simple_peripheral_app_pem4f.oem4f (.data:ti_sysbios_family_arm_m3_Hwi_Object__table__V)
                  200024d8    00000014     two_btn_menu.obj (.data:$O5$$)
                  200024ec    00000014     StackWrapper.a : osal.o (.data)
                  20002500    00000011     simple_gatt_profile.obj (.data:simpleProfileChar1UserDesp$20)
                  20002511    00000011     simple_gatt_profile.obj (.data:simpleProfileChar2UserDesp$20)
                  20002522    00000011     simple_gatt_profile.obj (.data:simpleProfileChar3UserDesp$20)
                  20002533    00000011     simple_gatt_profile.obj (.data:simpleProfileChar4UserDesp$20)
                  20002544    00000011     simple_gatt_profile.obj (.data:simpleProfileChar5UserDesp$20)
                  20002555    00000003     environmentalSensingService.obj (.data)
                  20002558    00000010     OneLib.a : gattservapp.o (.data)
                  20002568    00000010              : ll.o (.data)
                  20002578    00000010              : ll_data.o (.data)
                  20002588    00000010     icall_user_config.obj (.data:bleAppServiceInfoTable)
                  20002598    00000010     ti_drivers_config.obj (.data:gpioCallbackFunctions)
                  200025a8    00000010     ti_drivers_config.obj (.data:gpioPinConfigs)
                  200025b8    00000010     ti_radio_config.obj (.data:pOverrides_ble2Mbps)
                  200025c8    00000010     ti_radio_config.obj (.data:pOverrides_bleCoded)
                  200025d8    0000000c     ti_radio_config.obj (.data:pOverrides_ble1Mbps)
                  200025e4    0000000c     simple_peripheral_app_pem4f.oem4f (.data:ti_sysbios_heaps_HeapCallback_Object__table__V)
                  200025f0    00000009     devinfoservice.obj (.data)
                  200025f9    00000001     OneLib.a : gapgattserver.o (.data)
                  200025fa    00000002              : ll.o (.data)
                  200025fc    00000008     icall_cc2650.obj (.data:$O19$$)
                  20002604    00000008     ble_user_config.obj (.data:$O20$$)
                  2000260c    00000008     icall_api_lite.obj (.data:$O21$$)
                  20002614    00000008     rtsv7M4_T_le_v4SPD16_eabi.lib : _lock.c.obj (.data:$O26$$)
                  2000261c    00000008     OneLib.a : gapgattserver.o (.data)
                  20002624    00000008     rf_multiMode_cc26x2.a : RFCC26X2_multiMode.c.cc26x2.ccs.o (.data:RFCC26XX_schedulerPolicy)
                  2000262c    00000008     drivers_cc26x2.a : PINCC26XX.oem4f (.data)
                  20002634    00000008     icall_api_lite.obj (.data)
                  2000263c    00000008     drivers_cc26x2.a : TRNGCC26XX.oem4f (.data:jobList)
                  20002644    00000008     simple_peripheral_app_pem4f.oem4f (.data:ti_sysbios_family_arm_m3_Hwi_Module__root__V)
                  2000264c    00000008     simple_peripheral_app_pem4f.oem4f (.data:ti_sysbios_gates_GateHwi_Module__root__V)
                  20002654    00000008     simple_peripheral_app_pem4f.oem4f (.data:ti_sysbios_gates_GateMutexPri_Module__root__V)
                  2000265c    00000008     simple_peripheral_app_pem4f.oem4f (.data:ti_sysbios_gates_GateMutex_Module__root__V)
                  20002664    00000008     simple_peripheral_app_pem4f.oem4f (.data:ti_sysbios_hal_Hwi_Module__root__V)
                  2000266c    00000008     simple_peripheral_app_pem4f.oem4f (.data:ti_sysbios_heaps_HeapCallback_Module__root__V)
                  20002674    00000008     simple_peripheral_app_pem4f.oem4f (.data:ti_sysbios_heaps_HeapMem_Module__root__V)
                  2000267c    00000008     simple_peripheral_app_pem4f.oem4f (.data:ti_sysbios_knl_Clock_Module__root__V)
                  20002684    00000008     simple_peripheral_app_pem4f.oem4f (.data:ti_sysbios_knl_Event_Module__root__V)
                  2000268c    00000008     simple_peripheral_app_pem4f.oem4f (.data:ti_sysbios_knl_Mailbox_Module__root__V)
                  20002694    00000008     simple_peripheral_app_pem4f.oem4f (.data:ti_sysbios_knl_Queue_Module__root__V)
                  2000269c    00000008     simple_peripheral_app_pem4f.oem4f (.data:ti_sysbios_knl_Semaphore_Module__root__V)
                  200026a4    00000008     simple_peripheral_app_pem4f.oem4f (.data:ti_sysbios_knl_Swi_Module__root__V)
                  200026ac    00000008     simple_peripheral_app_pem4f.oem4f (.data:ti_sysbios_knl_Task_Module__root__V)
                  200026b4    00000005     drivers_cc26x2.a : GPIOCC26XX.oem4f (.data)
                  200026b9    00000005     simple_gatt_profile.obj (.data)
                  200026be    00000002     OneLib.a : ll_config.o (.data)
                  200026c0    00000004     StackWrapper.a : hal_assert.o (.data)
                  200026c4    00000004     ble_user_config_stack.obj (.data)
                  200026c8    00000004     drivers_cc26x2.a : GPIOCC26XX.oem4f (.data:gpioPinTable)
                  200026cc    00000004     rtsv7M4_T_le_v4SPD16_eabi.lib : stkdepth_vars.c.obj (.data)
                  200026d0    00000004     simple_peripheral_app_pem4f.oem4f (.data:ti_sysbios_family_arm_m3_Hwi_Module_State_0_excContext__A)
                  200026d4    00000004     simple_peripheral_app_pem4f.oem4f (.data:ti_sysbios_family_arm_m3_Hwi_Module_State_0_excStack__A)
                  200026d8    00000004     simple_peripheral_app_pem4f.oem4f (.data:ti_sysbios_knl_Task_Module_State_0_idleTask__A)
                  200026dc    00000002     StackWrapper.a : osal_cbtimer.o (.data)
                  200026de    00000002     drivers_cc26x2.a : CryptoResourceCC26XX.oem4f (.data)
                  200026e0    00000002                      : PKAResourceCC26XX.oem4f (.data)
                  200026e2    00000002                      : TRNGCC26XX.oem4f (.data)
                  200026e4    00000002     simple_peripheral_app_pem4f.oem4f (.data:ti_sysbios_family_arm_m3_Hwi_Module_State_0_excActive__A)
                  200026e6    00000001     OneLib.a : gapgattserver.o (.data)
                  200026e7    00000001              : gapgattserver.o (.data)
                  200026e8    00000001              : gapgattserver.o (.data)
                  200026e9    00000001              : gapgattserver.o (.data)
                  200026ea    00000001              : gapgattserver.o (.data)
                  200026eb    00000001              : gattservapp.o (.data)
                  200026ec    00000001              : gattservapp.o (.data)
                  200026ed    00000001              : ll.o (.data)
                  200026ee    00000001              : ll_ae.o (.data)
                  200026ef    00000001              : ll_data.o (.data)
                  200026f0    00000001              : ll_scheduler.o (.data)
                  200026f1    00000001              : sm_task.o (.data)
                  200026f2    00000001     StackWrapper.a : gap.o (.data)
                  200026f3    00000001                    : gap.o (.data)
                  200026f4    00000001                    : hal_assert.o (.data)
                  200026f5    00000001     simple_peripheral.obj (.data:argPeriodic)
                  200026f6    00000001     simple_peripheral.obj (.data:argRpaRead)
                  200026f7    00000001     drivers_cc26x2.a : AESCCMCC26XX.oem4f (.data)
                  200026f8    00000001                      : AESCTRCC26XX.oem4f (.data)
                  200026f9    00000001                      : AESCTRDRBGXX.oem4f (.data)
                  200026fa    00000001                      : AESECBCC26XX.oem4f (.data)
                  200026fb    00000001                      : ECDHCC26X2.oem4f (.data)
                  200026fc    00000001                      : NVS.oem4f (.data)
                  200026fd    00000001                      : UART.oem4f (.data)
                  200026fe    00000001     rf_multiMode_cc26x2.a : rf_patch_cpe_bt5.c.cc26x2.ccs.o (.data)

.bss       0    20002700    000019d6     UNINITIALIZED
                  20002700    00000800     AM2302.obj (.bss:readAM2302TaskStack$21)
                  20002f00    00000400     (.common:spTaskStack)
                  20003300    00000300     simple_peripheral_app_pem4f.oem4f (.bss:taskStackSection)
                  20003600    000001bc     (.common:uartCC26XXObjects)
                  200037bc    000000d8     (.common:ti_sysbios_family_arm_m3_Hwi_dispatchTable)
                  20003894    00000084     (.common:trngCC26XXObjects)
                  20003918    00000080     ti_drivers_config.obj (.bss:displayUARTBuffer)
                  20003998    0000007c     (.common:pinHandleTable)
                  20003a14    00000078     StackWrapper.a : osal_cbtimer.o (.bss)
                  20003a8c    00000064     simple_peripheral_menu.obj (.bss:$O4$$)
                  20003af0    00000058     (.common:aesctrdrbgXXObjects)
                  20003b48    00000050     drivers_cc26x2.a : PINCC26XX.oem4f (.bss:pinSemaphore)
                  20003b98    00000050     (.common:CryptoResourceCC26XX_accessSemaphore)
                  20003be8    00000050     (.common:CryptoResourceCC26XX_operationSemaphore)
                  20003c38    00000050     (.common:PKAResourceCC26XX_accessSemaphore)
                  20003c88    00000050     (.common:PKAResourceCC26XX_operationSemaphore)
                  20003cd8    0000004c     (.common:gptimerCC26XXObjects)
                  20003d24    0000003c     StackWrapper.a : osal_snv_wrapper.o (.bss)
                  20003d60    0000003c     drivers_cc26x2.a : PINCC26XX.oem4f (.bss:pinSwi)
                  20003d9c    00000024     OneLib.a : ll.o (.bss)
                  20003dc0    00000020              : gattservapp.o (.bss)
                  20003de0    00000020     StackWrapper.a : gapbondmgr.o (.bss)
                  20003e00    00000020                    : gapbondmgr.o (.bss)
                  20003e20    00000020     drivers_cc26x2.a : GPIOCC26XX.oem4f (.bss:gpioCallbackInfo)
                  20003e40    00000020                      : PINCC26XX.oem4f (.bss:pinGpioConfigTable)
                  20003e60    00000020     ti_drivers_config.obj (.bss:uartCC26XXRingBuffer0)
                  20003e80    00000020     (.common:ecdhCC26X2Objects)
                  20003ea0    0000001c     drivers_cc26x2.a : TRNGCC26XX.oem4f (.bss:TRNGCC26XX_hwi)
                  20003ebc    0000001c                      : TRNGCC26XX.oem4f (.bss:entropyPool)
                  20003ed8    0000001c                      : PINCC26XX.oem4f (.bss:pinHwi)
                  20003ef4    0000001c     (.common:CryptoResourceCC26XX_hwi)
                  20003f10    0000001c     (.common:PKAResourceCC26XX_hwi)
                  20003f2c    00000018     OneLib.a : gapgattserver.o (.bss)
                  20003f44    00000018              : ll_common.o (.bss)
                  20003f5c    00000018     (.common:aesccmCC26XXObjects)
                  20003f74    00000018     (.common:aesctrCC26XXObjects)
                  20003f8c    00000018     (.common:aesecbCC26XXObjects)
                  20003fa4    00000014     rf_multiMode_cc26x2.a : RFCC26X2_multiMode.c.cc26x2.ccs.o (.bss:RF_ratSyncCmd)
                  20003fb8    00000014     drivers_cc26x2.a : Random.oem4f (.bss:state)
                  20003fcc    00000010     util.obj (.bss:str$1$8)
                  20003fdc    0000000c     OneLib.a : ll.o (.bss)
                  20003fe8    0000000c              : ll.o (.bss)
                  20003ff4    0000000c              : ll_scheduler.o (.bss)
                  20004000    0000000c     drivers_cc26x2.a : NVSCC26XX.oem4f (.bss)
                  2000400c    0000000c                      : GPIOCC26XX.oem4f (.bss:gpioPinState)
                  20004018    0000000c     (.common:displayUartObject)
                  20004024    00000008     OneLib.a : ll.o (.bss)
                  2000402c    00000008              : ll_ae.o (.bss)
                  20004034    00000008     drivers_cc26x2.a : GPIOCC26XX.oem4f (.bss)
                  2000403c    00000004     OneLib.a : gapgattserver.o (.bss)
                  20004040    00000004              : gattservapp.o (.bss)
                  20004044    00000004              : linkdb.o (.bss)
                  20004048    00000004              : ll.o (.bss)
                  2000404c    00000004              : ll.o (.bss)
                  20004050    00000004              : ll.o (.bss)
                  20004054    00000004              : ll.o (.bss)
                  20004058    00000004              : ll.o (.bss)
                  2000405c    00000004              : ll_ae.o (.bss)
                  20004060    00000004              : ll_common.o (.bss)
                  20004064    00000004              : ll_enc.o (.bss)
                  20004068    00000004              : ll_privacy.o (.bss)
                  2000406c    00000004     StackWrapper.a : gapbondmgr.o (.bss)
                  20004070    00000004                    : gapbondmgr.o (.bss)
                  20004074    00000004                    : osal.o (.bss)
                  20004078    00000004                    : osal.o (.bss)
                  2000407c    00000004                    : osal.o (.bss)
                  20004080    00000004                    : osal.o (.bss)
                  20004084    00000004                    : osal.o (.bss)
                  20004088    00000004                    : osal.o (.bss)
                  2000408c    00000004                    : osal_bufmgr.o (.bss)
                  20004090    00000004                    : osal_clock.o (.bss)
                  20004094    00000004                    : osal_clock.o (.bss)
                  20004098    00000004                    : osal_timers.o (.bss)
                  2000409c    00000004                    : osal_timers.o (.bss)
                  200040a0    00000004                    : osal_timers.o (.bss)
                  200040a4    00000004     drivers_cc26x2.a : ECDHCC26X2.oem4f (.bss)
                  200040a8    00000004                      : PINCC26XX.oem4f (.bss)
                  200040ac    00000004     (.common:nvsCC26XXObjects)
                  200040b0    00000004     (.common:tasksEvents)
                  200040b4    00000002     OneLib.a : gapgattserver.o (.bss)
                  200040b6    00000002              : ll.o (.bss)
                  200040b8    00000002              : ll_slave_end_causes.o (.bss)
                  200040ba    00000002     StackWrapper.a : osal_pwrmgr.o (.bss)
                  200040bc    00000001     OneLib.a : gapgattserver.o (.bss)
                  200040bd    00000001              : gattservapp.o (.bss)
                  200040be    00000001              : hci_tl.o (.bss)
                  200040bf    00000001              : hci_tl.o (.bss)
                  200040c0    00000001              : hci_tl.o (.bss)
                  200040c1    00000001              : hci_tl.o (.bss)
                  200040c2    00000001              : hci_tl.o (.bss)
                  200040c3    00000001              : hci_tl.o (.bss)
                  200040c4    00000001              : ll.o (.bss)
                  200040c5    00000001              : ll.o (.bss)
                  200040c6    00000001              : ll.o (.bss)
                  200040c7    00000001              : ll.o (.bss)
                  200040c8    00000001              : ll_ae.o (.bss)
                  200040c9    00000001              : ll_config.o (.bss)
                  200040ca    00000001              : ll_config.o (.bss)
                  200040cb    00000001              : ll_enc.o (.bss)
                  200040cc    00000001              : ll_isr.o (.bss)
                  200040cd    00000001              : sm_task.o (.bss)
                  200040ce    00000001     StackWrapper.a : ble_dispatch_lite.o (.bss)
                  200040cf    00000001                    : gapbondmgr.o (.bss)
                  200040d0    00000001                    : gapbondmgr.o (.bss)
                  200040d1    00000001                    : hal_assert.o (.bss)
                  200040d2    00000001                    : osal.o (.bss)
                  200040d3    00000001                    : osal_pwrmgr.o (.bss)
                  200040d4    00000001     rf_multiMode_cc26x2.a : RFCC26X2_multiMode.c.cc26x2.ccs.o (.bss)
                  200040d5    00000001     (.common:driverlib_release_0_60278)

.vtable    0    200040d6    00000000     UNINITIALIZED

.vtable_ram 
*          0    200040d6    00000000     UNINITIALIZED

vtable_ram 
*          0    200040d6    00000000     UNINITIALIZED

.sysmem    0    200040d6    00000000     UNINITIALIZED

.nonretenvar 
*          0    200040d6    00000000     UNINITIALIZED

.stack     0    20013c00    00000400     UNINITIALIZED
                  20013c00    00000400     --HOLE--

.bootVecs 
*          0    00000000    00000008     DSECT
                  00000000    00000008     boot.aem4f : boot.oem4f (.bootVecs)

.resetVecs 
*          0    00000000    0000003c     
                  00000000    0000003c     simple_peripheral_app_pem4f.oem4f (.resetVecs)

.vecs      0    20000000    000000d8     NOLOAD SECTION
                  20000000    000000d8     simple_peripheral_app_pem4f.oem4f (.vecs)

xdc.meta   0    00000000    00000117     COPY SECTION
                  00000000    00000117     simple_peripheral_app_pem4f.oem4f (xdc.meta)

xdc.noload 
*          0    00000000    00000000     COPY SECTION

.TI.bound:flashBuf0 
*          0    00048000    00004000     UNINITIALIZED
                  00048000    00004000     ti_drivers_config.obj (.TI.bound:flashBuf0)

.text      0    0000003c    00019ac4     
                  0000003c    00000d80     simple_peripheral.obj (.text:SimplePeripheral_taskFxn$5)
                  00000dbc    00000b58     StackWrapper.a : gapbondmgr.o (.text)
                  00001914    000006f8     OneLib.a : ll_adv_end_causes.o (.text)
                  0000200c    00000650     StackWrapper.a : gapbondmgr.o (.text)
                  0000265c    00000548     simple_peripheral.obj (.text:SimplePeripheral_processGapMessage$5)
                  00002ba4    000004f0     OneLib.a : ll_ae.o (.text)
                  00003094    000004b0     rf_multiMode_cc26x2.a : RFCC26X2_multiMode.c.cc26x2.ccs.o (.text:RF_fsmActiveState)
                  00003544    00000488     OneLib.a : ll_slave_end_causes.o (.text)
                  000039cc    00000470              : ll_isr.o (.text)
                  00003e3c    00000450              : ll.o (.text)
                  0000428c    000003c4              : ble.o (.text)
                  00004650    000003c4              : ll_slave_end_causes.o (.text)
                  00004a14    000003a4              : ll_isr.o (.text)
                  00004db8    000003a4              : ll_scheduler.o (.text)
                  0000515c    00000334              : ll_scheduler.o (.text)
                  00005490    00000330              : ll_ae.o (.text)
                  000057c0    00000320              : ll.o (.text)
                  00005ae0    000002c4              : ll_ae.o (.text)
                  00005da4    000002c0              : ll_isr.o (.text)
                  00006064    000002b0     StackWrapper.a : gapbondmgr.o (.text)
                  00006314    00000298     rf_multiMode_cc26x2.a : RFCC26X2_multiMode.c.cc26x2.ccs.o (.text:RF_open)
                  000065ac    00000274     OneLib.a : ll_ae.o (.text)
                  00006820    0000025c     nvocmp.obj (.text:NVOCMP_addItem$10)
                  00006a7c    0000025c     StackWrapper.a : gapbondmgr.o (.text)
                  00006cd8    00000248     OneLib.a : ll_data.o (.text)
                  00006f20    00000248              : ll_isr.o (.text)
                  00007168    00000230     drivers_cc26x2.a : ECDHCC26X2.oem4f (.text:ECDHCC26X2_runFSM)
                  00007398    00000224     OneLib.a : ll_common.o (.text)
                  000075bc    00000218     nvocmp.obj (.text:NVOCMP_initNv$10)
                  000077d4    00000210     rf_multiMode_cc26x2.a : RFCC26X2_multiMode.c.cc26x2.ccs.o (.text:RF_scheduleCmd)
                  000079e4    00000204     OneLib.a : gattservapp.o (.text)
                  00007be8    000001f4     drivers_cc26x2.a : PINCC26XX.oem4f (.text:PIN_init)
                  00007ddc    000001e8     osal_icall_ble.obj (.text:stack_main)
                  00007fc4    000001e0     StackWrapper.a : osal.o (.text)
                  000081a4    000001dc     rf_multiMode_cc26x2.a : RFCC26X2_multiMode.c.cc26x2.ccs.o (.text:RF_dispatchNextCmd)
                  00008380    000001d8     OneLib.a : ll.o (.text)
                  00008558    000001bc     main.obj (.text:AssertHandler)
                  00008714    000001a8     OneLib.a : ll_scheduler.o (.text)
                  000088bc    000001a0     AM2302.obj (.text:readAM2302TaskFunc)
                  00008a5c    00000196     OneLib.a : ll_common.o (.text)
                  00008bf2    00000002     ti_drivers_config.obj (.text:Board_initHook)
                  00008bf4    00000190     simple_peripheral.obj (.text:SimplePeripheral_doAutoConnect)
                  00008d84    00000190     drivers_cc26x2.a : PowerCC26X2_calibrateRCOSC.oem4f (.text:calibrateRcoscHf1)
                  00008f14    0000018c                      : PowerCC26X2_calibrateRCOSC.oem4f (.text:runCalibrateFsm)
                  000090a0    00000188     nvocmp.obj (.text:NVOCMP_compact$10)
                  00009228    00000184     icall.obj (.text:icall_directAPI)
                  000093ac    0000017c     OneLib.a : ll_isr.o (.text)
                  00009528    00000174              : gattservapp.o (.text)
                  0000969c    00000174     drivers_cc26x2.a : PowerCC26X2.oem4f (.text:Power_init)
                  00009810    00000168     OneLib.a : ll_common.o (.text)
                  00009978    00000164              : ll_ae.o (.text)
                  00009adc    00000164     drivers_cc26x2.a : UARTCC26XX.oem4f (.text:UARTCC26XX_open)
                  00009c40    00000162     StackWrapper.a : osal.o (.text)
                  00009da2    00000002     ble_user_config.obj (.text:DefaultAssertCback)
                  00009da4    00000158     OneLib.a : ll_common.o (.text)
                  00009efc    00000154     rf_multiMode_cc26x2.a : RFCC26X2_multiMode.c.cc26x2.ccs.o (.text:RF_radioOpDoneCb)
                  0000a050    00000154     drivers_cc26x2.a : UARTCC26XX.oem4f (.text:UARTCC26XX_hwiIntFxn)
                  0000a1a4    00000150     OneLib.a : gap_task.o (.text)
                  0000a2f4    0000014c              : ll_isr.o (.text)
                  0000a440    00000148     rf_multiMode_cc26x2.a : RFCC26X2_multiMode.c.cc26x2.ccs.o (.text:RF_fsmSetupState)
                  0000a588    00000144     StackWrapper.a : gap.o (.text)
                  0000a6cc    00000140     OneLib.a : gattservapp.o (.text)
                  0000a80c    00000140     main.obj (.text:main)
                  0000a94c    0000013c     drivers_cc26x2.a : AESCCMCC26XX.oem4f (.text:AESCCM_startOperation)
                  0000aa88    0000013a                      : UARTCC26XX.oem4f (.text:UARTCC26XX_read)
                  0000abc2    00000002     display.a : DisplayUart.oem4f (.text:DisplayUartAnsi_init)
                  0000abc4    00000138     drivers_cc26x2.a : ECDHCC26X2.oem4f (.text:ECDH_computeSharedSecret)
                  0000acfc    00000138                      : NVSCC26XX.oem4f (.text:NVSCC26XX_write)
                  0000ae34    00000138     rf_multiMode_cc26x2.a : RFCC26X2_multiMode.c.cc26x2.ccs.o (.text:RF_abortCmd)
                  0000af6c    00000138                           : RFCC26X2_multiMode.c.cc26x2.ccs.o (.text:RF_ratSetupChannel)
                  0000b0a4    00000120     nvocmp.obj (.text:NVOCMP_compactPage$10)
                  0000b1c4    00000120     OneLib.a : ll_common.o (.text)
                  0000b2e4    00000120              : ll_data.o (.text)
                  0000b404    00000120     drivers_cc26x2.a : PowerCC26X2.oem4f (.text:configureXOSCHF)
                  0000b524    0000011c     OneLib.a : ll_isr.o (.text)
                  0000b640    00000114              : ll_common.o (.text)
                  0000b754    00000114     drivers_cc26x2.a : PINCC26XX.oem4f (.text:PINCC26XX_setIoCfg)
                  0000b868    00000110                      : GPIOCC26XX.oem4f (.text:GPIO_setConfig)
                  0000b978    0000010c     OneLib.a : gatt_client.o (.text)
                  0000ba84    00000108     drivers_cc26x2.a : AESECBCC26XX.oem4f (.text:AESECB_startOperation)
                  0000bb8c    00000106     simple_peripheral_app_pem4f.oem4f (.text:xdc_runtime_System_printfExtend__I)
                  0000bc92    00000002     rom_init.obj (.text:MAP_llClearPeriodicAdvSets)
                  0000bc94    00000104     rf_multiMode_cc26x2.a : RFCC26X2_multiMode.c.cc26x2.ccs.o (.text:RF_hwiCpe0Active)
                  0000bd98    00000104     simple_peripheral.obj (.text:SimplePeripheral_doSetConnPhy)
                  0000be9c    00000100     nvocmp.obj (.text:NVOCMP_findItem$10)
                  0000bf9c    000000fe     OneLib.a : ll_scheduler.o (.text)
                  0000c09a    00000002     rom_init.obj (.text:MAP_llClearPeriodicScanSets)
                  0000c09c    000000fc     OneLib.a : ll_scheduler.o (.text)
                  0000c198    000000fc              : ll_scheduler.o (.text)
                  0000c294    000000fc     rf_multiMode_cc26x2.a : RFCC26X2_multiMode.c.cc26x2.ccs.o (.text:RF_decodeOverridePointers)
                  0000c390    000000f8     drivers_cc26x2.a : AESCTRCC26XX.oem4f (.text:AESCTR_startOperation)
                  0000c488    000000f8     OneLib.a : sm_rsppairing.o (.text)
                  0000c580    000000f4              : ll_scheduler.o (.text)
                  0000c674    000000f4     two_btn_menu.obj (.text:tbm_displayItemPage)
                  0000c768    000000f0     OneLib.a : ll_ae.o (.text)
                  0000c858    000000f0     rf_multiMode_cc26x2.a : RFCC26X2_multiMode.c.cc26x2.ccs.o (.text:RF_fsmPowerUpState)
                  0000c948    000000ec     OneLib.a : gap_advertiser.o (.text)
                  0000ca34    000000ec              : ll_common.o (.text)
                  0000cb20    000000e4              : gapgattserver.o (.text)
                  0000cc04    000000e4              : ll_ae.o (.text)
                  0000cce8    000000e0     StackWrapper.a : osal_timers.o (.text)
                  0000cdc8    000000e0     drivers_cc26x2.a : UARTCC26XX.oem4f (.text:UARTCC26XX_write)
                  0000cea8    000000dc     OneLib.a : ll_ae.o (.text)
                  0000cf84    000000d8     driverlib.lib : aes.obj (.text:NOROM_AESWriteToKeyStore)
                  0000d05c    000000d8                   : setup.obj (.text:NOROM_SetupTrimDevice)
                  0000d134    000000d8     rf_multiMode_cc26x2.a : RFCC26X2_multiMode.c.cc26x2.ccs.o (.text:RF_control)
                  0000d20c    000000d8                           : RFCC26X2_multiMode.c.cc26x2.ccs.o (.text:RF_pendCmd)
                  0000d2e4    000000d8     simple_peripheral.obj (.text:SimplePeripheral_menuSwitchCb$5)
                  0000d3bc    000000d8     driverlib.lib : setup.obj (.text:TrimAfterColdResetWakeupFromShutDown$38)
                  0000d494    000000d4     drivers_cc26x2.a : ECDHCC26X2.oem4f (.text:ECDH_generatePublicKey)
                  0000d568    000000d2     rf_multiMode_cc26x2.a : RFCC26X2_multiMode.c.cc26x2.ccs.o (.text:RF_updatePaConfiguration)
                  0000d63a    00000002     rom_init.obj (.text:MAP_llDmmDynamicFree)
                  0000d63c    000000cc     OneLib.a : hci_event.o (.text)
                  0000d708    000000cc     rf_multiMode_cc26x2.a : RFCC26X2_multiMode.c.cc26x2.ccs.o (.text:RF_swiHw)
                  0000d7d4    000000cc     StackWrapper.a : osal.o (.text)
                  0000d8a0    000000c8     OneLib.a : gap_scanner.o (.text)
                  0000d968    000000c8              : gapgattserver.o (.text)
                  0000da30    000000c8              : ll_ae.o (.text)
                  0000daf8    000000c8     simple_peripheral.obj (.text:SimplePeripheral_processParamUpdate$5)
                  0000dbc0    000000c4     drivers_cc26x2.a : GPIOCC26XX.oem4f (.text:GPIO_init)
                  0000dc84    000000c0     nvocmp.obj (.text:NVOCMP_erase$10)
                  0000dd44    000000c0     OneLib.a : ll.o (.text)
                  0000de04    000000c0              : ll_isr.o (.text)
                  0000dec4    000000c0     drivers_cc26x2.a : PowerCC26X2.oem4f (.text:Power_releaseDependency)
                  0000df84    000000c0                      : TRNGCC26XX.oem4f (.text:TRNG_getRandom)
                  0000e044    000000c0                      : UARTCC26XX.oem4f (.text:UARTCC26XX_initIO)
                  0000e104    000000bc                      : AESCTRDRBGXX.oem4f (.text:AESCTRDRBG_construct)
                  0000e1c0    000000bc                      : AESCTRDRBGXX.oem4f (.text:AESCTRDRBG_getRandomBytes)
                  0000e27c    000000bc     OneLib.a : ble.o (.text)
                  0000e338    000000bc              : ll_ecc.o (.text)
                  0000e3f4    000000bc              : ll_scheduler.o (.text)
                  0000e4b0    000000bc     rf_multiMode_cc26x2.a : RFCC26X2_multiMode.c.cc26x2.ccs.o (.text:RF_initRadioSetup)
                  0000e56c    000000b8     OneLib.a : ll.o (.text)
                  0000e624    000000b8              : ll_slave_end_causes.o (.text)
                  0000e6dc    000000b8     drivers_cc26x2.a : PowerCC26X2.oem4f (.text:Power_setDependency)
                  0000e794    000000b8     StackWrapper.a : gapbondmgr.o (.text)
                  0000e84c    000000b8     drivers_cc26x2.a : UARTCC26XX.oem4f (.text:UARTCC26XX_initHw)
                  0000e904    000000b4                      : AESCTRDRBGXX.oem4f (.text:AESCTRDRBG_reseed)
                  0000e9b8    000000b0     OneLib.a : ll_enc.o (.text)
                  0000ea68    000000b0     devinfoservice.obj (.text:devInfo_ReadAttrCB$16)
                  0000eb18    000000ac     display.a : DisplayUart.oem4f (.text:DisplayUartAnsi_clearLines)
                  0000ebc4    000000ac     drivers_cc26x2.a : ECDHCC26X2.oem4f (.text:ECDHCC26X2_hwiFxn)
                  0000ec70    000000ac     OneLib.a : ll_ae.o (.text)
                  0000ed1c    000000ac     drivers_cc26x2.a : PINCC26XX.oem4f (.text:PIN_open)
                  0000edc8    000000a8     nvocmp.obj (.text:NVOCMP_initNvApi$10)
                  0000ee70    000000a8     OneLib.a : hci_data.o (.text)
                  0000ef18    000000a8              : ll.o (.text)
                  0000efc0    000000a8              : ll_common.o (.text)
                  0000f068    000000a8     StackWrapper.a : gapbondmgr.o (.text)
                  0000f110    000000a7     display.a : DisplayUart.oem4f (.text:DisplayUartAnsi_open)
                  0000f1b7    00000001     --HOLE-- [fill = 0]
                  0000f1b8    000000a4     OneLib.a : ll_ae.o (.text)
                  0000f25c    000000a4     rf_multiMode_cc26x2.a : RFCC26X2_multiMode.c.cc26x2.ccs.o (.text:RF_ratRestartChannels)
                  0000f300    000000a4     StackWrapper.a : gapbondmgr.o (.text)
                  0000f3a4    000000a4                    : osal_cbtimer.o (.text)
                  0000f448    000000a0     OneLib.a : gattservapp.o (.text)
                  0000f4e8    000000a0              : ll_common.o (.text)
                  0000f588    000000a0              : ll_scheduler.o (.text)
                  0000f628    000000a0     auto_init.aem4f : auto_init.oem4f (.text)
                  0000f6c8    000000a0     rom_sysbios.aem4f : rom_sysbios.obj (.text:ti_sysbios_knl_Task_setPri__E)
                  0000f768    0000009f     display.a : DisplayUart.oem4f (.text:DisplayUartAnsi_vprintf)
                  0000f807    00000001     --HOLE-- [fill = 0]
                  0000f808    0000009c     nvocmp.obj (.text:NVOCMP_readHeader$10)
                  0000f8a4    0000009c     OneLib.a : ll_common.o (.text)
                  0000f940    0000009c              : ll_ecc.o (.text)
                  0000f9dc    0000009c     drivers_cc26x2.a : TRNGCC26XX.oem4f (.text:TRNG_construct)
                  0000fa78    0000009c     environmentalSensingService.obj (.text:environmentalSensing_ReadAttrCB$17)
                  0000fb14    0000009c     rtsv7M4_T_le_v4SPD16_eabi.lib : memcpy_t2.asm.obj (.text)
                  0000fbb0    00000098     OneLib.a : gattservapp.o (.text)
                  0000fc48    00000098              : hci_event.o (.text)
                  0000fce0    00000098     rf_multiMode_cc26x2.a : RFCC26X2_multiMode.c.cc26x2.ccs.o (.text:RF_calculateDispatchTime)
                  0000fd78    00000098     drivers_cc26x2.a : TRNGCC26XX.oem4f (.text:TRNGCC26XX_hwiFxn)
                  0000fe10    00000098                      : UARTCC26XX.oem4f (.text:writeTxFifoFlush)
                  0000fea8    00000096     rtsv7M4_T_le_v4SPD16_eabi.lib : ull_div_t2.asm.obj (.text)
                  0000ff3e    00000002     rom_init.obj (.text:MAP_llDmmSetThreshold)
                  0000ff40    00000094     icall.obj (.text:ICall_setTimer)
                  0000ffd4    00000094     OneLib.a : gatt_server.o (.text)
                  00010068    00000094              : ll.o (.text)
                  000100fc    00000094              : ll_common.o (.text)
                  00010190    00000094              : ll_scheduler.o (.text)
                  00010224    00000092              : gap_task.o (.text)
                  000102b6    00000092     drivers_cc26x2.a : UARTCC26XX.oem4f (.text:UARTCC26XX_writeCancel)
                  00010348    00000090     gattservapp_util.obj (.text:GATTServApp_ProcessCharCfg)
                  000103d8    00000090     OneLib.a : ll.o (.text)
                  00010468    00000090              : ll_ae.o (.text)
                  000104f8    00000090     rf_multiMode_cc26x2.a : RFCC26X2_multiMode.c.cc26x2.ccs.o (.text:RF_discardPendCmd)
                  00010588    00000090                           : RFCC26X2_multiMode.c.cc26x2.ccs.o (.text:RF_getInfo)
                  00010618    00000090     osal_icall_ble.obj (.text:osalInitTasks)
                  000106a8    00000090     simple_gatt_profile.obj (.text:simpleProfile_WriteAttrCB)
                  00010738    0000008e     drivers_cc26x2.a : CryptoUtils.oem4f (.text:CryptoUtils_reverseCopyPad)
                  000107c6    00000002     rom_init.obj (.text:MAP_llEndPeriodicScanTask)
                  000107c8    0000008c     icall.obj (.text:ICall_heapMalloc)
                  00010854    0000008c     rom_sysbios.aem4f : rom_sysbios.obj (.text:ti_sysbios_gates_GateMutexPri_enter__E)
                  000108e0    0000008a     drivers_cc26x2.a : AESCTRDRBGXX.oem4f (.text:AESCTRDRBGXX_updateState)
                  0001096a    00000002     rom_init.obj (.text:MAP_llMaster_TaskEnd)
                  0001096c    00000088     drivers_cc26x2.a : GPTimerCC26XX.oem4f (.text:GPTimerCC26XX_open)
                  000109f4    00000088     driverlib.lib : osc.obj (.text:NOROM_OSCHF_AttemptToSwitchToXosc)
                  00010a7c    00000088     OneLib.a : hci_event.o (.text)
                  00010b04    00000088              : ll_isr.o (.text)
                  00010b8c    00000088     rf_multiMode_cc26x2.a : RFCC26X2_multiMode.c.cc26x2.ccs.o (.text:RF_cmdDispatchTime)
                  00010c14    00000088     StackWrapper.a : osal_cbtimer.o (.text)
                  00010c9c    00000088     drivers_cc26x2.a : PowerCC26X2_calibrateRCOSC.oem4f (.text:calibrateRcoscHf2)
                  00010d24    00000088                      : PowerCC26X2.oem4f (.text:disableLFClockQualifiers)
                  00010dac    00000088     gattservapp_util.obj (.text:gattServApp_SendNotiInd$19)
                  00010e34    00000088     drivers_cc26x2.a : PowerCC26X2_calibrateRCOSC.oem4f (.text:updateSubSecInc)
                  00010ebc    00000084     OneLib.a : ll_ae.o (.text)
                  00010f40    00000084     rf_multiMode_cc26x2.a : RFCC26X2_multiMode.c.cc26x2.ccs.o (.text:RF_issueRadioFreeCb)
                  00010fc4    00000084                           : RFCC26X2_multiMode.c.cc26x2.ccs.o (.text:RF_verifyGap)
                  00011048    00000084     simple_peripheral.obj (.text:SimplePeripheral_updatePHYStat$5)
                  000110cc    00000084     drivers_cc26x2.a : UARTCC26XX.oem4f (.text:UARTCC26XX_close)
                  00011150    00000080     driverlib.lib : chipinfo.obj (.text:NOROM_ChipInfo_GetChipType)
                  000111d0    00000080     drivers_cc26x2.a : NVSCC26XX.oem4f (.text:NVSCC26XX_open)
                  00011250    00000080     OneLib.a : ll_enc.o (.text)
                  000112d0    00000080     rom_sysbios.aem4f : rom_sysbios.obj (.text:ti_sysbios_family_arm_cc26xx_Timer_start__E)
                  00011350    0000007e     OneLib.a : gap_task.o (.text)
                  000113ce    00000002     rom_init.obj (.text:MAP_llPeriodicAdv_PostProcess)
                  000113d0    0000007c     nvocmp.obj (.text:NVOCMP_readItemApi$10)
                  0001144c    0000007c     OneLib.a : ll_common.o (.text)
                  000114c8    0000007c     rf_multiMode_cc26x2.a : RFCC26X2_multiMode.c.cc26x2.ccs.o (.text:RF_ratFreeChannel)
                  00011544    0000007c     StackWrapper.a : gapbondmgr.o (.text)
                  000115c0    0000007a     OneLib.a : gattservapp.o (.text)
                  0001163a    0000007a     rtsv7M4_T_le_v4SPD16_eabi.lib : memset_t2.asm.obj (.text)
                  000116b4    00000078     icall.obj (.text:ICall_heapInit)
                  0001172c    00000078     nvocmp.obj (.text:NVOCMP_checkItem$10)
                  000117a4    00000078     OneLib.a : ll_common.o (.text)
                  0001181c    00000078     StackWrapper.a : osal_cbtimer.o (.text)
                  00011894    00000078     rom_sysbios.aem4f : rom_sysbios.obj (.text:ti_sysbios_heaps_HeapMem_allocUnprotected__E)
                  0001190c    00000076     OneLib.a : ll_common.o (.text)
                  00011982    00000076     StackWrapper.a : gap.o (.text)
                  000119f8    00000074     nvocmp.obj (.text:NVOCMP_writeItemApi$10)
                  00011a6c    00000074     OneLib.a : ll_enc.o (.text)
                  00011ae0    00000074     drivers_cc26x2.a : PowerCC26X2_calibrateRCOSC.oem4f (.text:PowerCC26X2_auxISR)
                  00011b54    00000074     rf_multiMode_cc26x2.a : RFCC26X2_multiMode.c.cc26x2.ccs.o (.text:RF_ratDisableChannel)
                  00011bc8    00000074     rom_sysbios.aem4f : rom_sysbios.obj (.text:ti_sysbios_gates_GateMutexPri_leave__E)
                  00011c3c    00000072     rf_multiMode_cc26x2.a : RFCC26X2_multiMode.c.cc26x2.ccs.o (.text:RF_detachOverrides)
                  00011cae    00000002     rom_init.obj (.text:MAP_llProcessPeriodicScanRxFIFO)
                  00011cb0    00000070     drivers_cc26x2.a : AESCCMCC26XX.oem4f (.text:AESCCM_cleanup)
                  00011d20    00000070     icall.obj (.text:ICall_heapGetStats)
                  00011d90    00000070     rf_multiMode_cc26x2.a : rfc.c.cc26x2.ccs.o (.text:NOROM_RFCAnaDivTxOverride)
                  00011e00    00000070     nvocmp.obj (.text:NVOCMP_eraseNvApi$10)
                  00011e70    00000070     OneLib.a : gatt_server.o (.text)
                  00011ee0    00000070              : ll_ae.o (.text)
                  00011f50    00000070              : ll_common.o (.text)
                  00011fc0    00000070              : ll_enc.o (.text)
                  00012030    00000070     drivers_cc26x2.a : PINCC26XX.oem4f (.text:PIN_add)
                  000120a0    00000070     rf_multiMode_cc26x2.a : RFCC26X2_multiMode.c.cc26x2.ccs.o (.text:RF_getCurrentTime)
                  00012110    00000070     drivers_cc26x2.a : Random.oem4f (.text:Random_seedAutomatic)
                  00012180    00000070     StackWrapper.a : osal.o (.text)
                  000121f0    00000070     environmentalSensingService.obj (.text:environmentalSensing_WriteAttrCB$17)
                  00012260    0000006e     OneLib.a : gatt_server.o (.text)
                  000122ce    0000006e     rf_multiMode_cc26x2.a : RFCC26X2_multiMode.c.cc26x2.ccs.o (.text:RF_attachOverrides)
                  0001233c    0000006e                           : RFCC26X2_multiMode.c.cc26x2.ccs.o (.text:RF_howToSchedule)
                  000123aa    00000002     rom_init.obj (.text:MAP_llSetPeriodicSyncInfo)
                  000123ac    0000006d     rom_sysbios.aem4f : rom_sysbios.obj (.text:xdc_runtime_System_formatNum__I)
                  00012419    00000001     --HOLE-- [fill = 0]
                  0001241a    00000002     rom_init.obj (.text:MAP_llUpdateCteState)
                  0001241c    0000006c     nvocmp.obj (.text:NVOCMP_getDstPage$10)
                  00012488    0000006c     OneLib.a : ll_isr.o (.text)
                  000124f4    0000006c     rf_multiMode_cc26x2.a : RFCC26X2_multiMode.c.cc26x2.ccs.o (.text:RF_dispatchNextEvent)
                  00012560    0000006c     simple_peripheral.obj (.text:SimplePeripheral_clearConnListEntry$5)
                  000125cc    0000006c     StackWrapper.a : osal_cbtimer.o (.text)
                  00012638    00000068     drivers_cc26x2.a : CryptoUtils.oem4f (.text:CryptoUtils_copyPad)
                  000126a0    00000068     icall.obj (.text:ICall_enrollService)
                  00012708    00000068     icall.obj (.text:ICall_send)
                  00012770    00000068     icall.obj (.text:ICall_sendServiceComplete)
                  000127d8    00000068     driverlib.lib : osc.obj (.text:NOROM_OSCHF_SwitchToRcOscTurnOffXosc)
                  00012840    00000068     OneLib.a : gap_task.o (.text)
                  000128a8    00000068              : gattservapp.o (.text)
                  00012910    00000068              : ll.o (.text)
                  00012978    00000068              : ll_ae.o (.text)
                  000129e0    00000068     rf_multiMode_cc26x2.a : RFCC26X2_multiMode.c.cc26x2.ccs.o (.text:RF_hwiHw)
                  00012a48    00000068     StackWrapper.a : osal_timers.o (.text)
                  00012ab0    00000068     rtsv7M4_T_le_v4SPD16_eabi.lib : copy_decompress_lzss.c.obj (.text:decompress:lzss:__TI_decompress_lzss)
                  00012b18    00000066     OneLib.a : ll_common.o (.text)
                  00012b7e    00000066     StackWrapper.a : icall_lite_translation.o (.text)
                  00012be4    00000064     drivers_cc26x2.a : AESCCMCC26XX.oem4f (.text:AESCCM_waitForResult)
                  00012c48    00000064                      : AESCTRCC26XX.oem4f (.text:AESCTR_waitForResult)
                  00012cac    00000064                      : AESECBCC26XX.oem4f (.text:AESECB_waitForResult)
                  00012d10    00000064     nvocmp.obj (.text:NVOCMP_findSignature$10)
                  00012d74    00000064     OneLib.a : gapgattserver.o (.text)
                  00012dd8    00000064              : gattservapp.o (.text)
                  00012e3c    00000064              : ll_scheduler.o (.text)
                  00012ea0    00000064     simple_gatt_profile.obj (.text:SimpleProfile_SetParameter)
                  00012f04    00000064     drivers_cc26x2.a : UARTCC26XX.oem4f (.text:UARTCC26XX_control)
                  00012f68    00000062     ti_drivers_config.obj (.text:Board_sendExtFlashByte)
                  00012fca    00000062     gattservapp_util.obj (.text:GATTServApp_ProcessCCCWriteReq)
                  0001302c    00000062     rf_multiMode_cc26x2.a : RFCC26X2_multiMode.c.cc26x2.ccs.o (.text:RF_syncCb)
                  0001308e    00000062     drivers_cc26x2.a : UARTCC26XX.oem4f (.text:UARTCC26XX_swiIntFxn)
                  000130f0    00000060                      : AESCCMCC26XX.oem4f (.text:AESCCM_hwiFxn)
                  00013150    00000060                      : AESCTRCC26XX.oem4f (.text:AESCTR_hwiFxn)
                  000131b0    00000060                      : AESECBCC26XX.oem4f (.text:AESECB_hwiFxn)
                  00013210    00000060                      : CryptoResourceCC26XX.oem4f (.text:CryptoResourceCC26XX_constructRTOSObjects)
                  00013270    00000060                      : GPIOCC26XX.oem4f (.text:GPIO_write)
                  000132d0    00000060     icall.obj (.text:ICall_createRemoteTasksAtRuntime)
                  00013330    00000060     OneLib.a : ll_common.o (.text)
                  00013390    00000060              : sm_pairing.o (.text)
                  000133f0    00000060     drivers_cc26x2.a : PKAResourceCC26XX.oem4f (.text:PKAResourceCC26XX_constructRTOSObjects)
                  00013450    00000060     rf_multiMode_cc26x2.a : RFCC26X2_multiMode.c.cc26x2.ccs.o (.text:RF_applyRfCorePatch)
                  000134b0    00000060     StackWrapper.a : gapbondmgr.o (.text)
                  00013510    00000060     drivers_cc26x2.a : TRNGCC26XX.oem4f (.text:TRNGCC26XX_startTrng)
                  00013570    0000005e     icall.obj (.text:ICall_fetchMsg)
                  000135ce    0000005e     OneLib.a : ll_common.o (.text)
                  0001362c    0000005c     display.a : Display.oem4f (.text:Display_doOpen)
                  00013688    0000005c     environmentalSensingService.obj (.text:EnvironmentalSensing_SetParameter)
                  000136e4    0000005c     icall.obj (.text:ICall_pwrUpdActivityCounter)
                  00013740    0000005c     nvocmp.obj (.text:NVOCMP_readItem$10)
                  0001379c    0000005c     OneLib.a : gap_perilinkmgr.o (.text)
                  000137f8    0000005c              : ll_scheduler.o (.text)
                  00013854    0000005c              : sm_intpairing.o (.text)
                  000138b0    0000005c              : sm_rsppairing.o (.text)
                  0001390c    0000005c     drivers_cc26x2.a : PINCC26XX.oem4f (.text:PIN_remove)
                  00013968    0000005c     rf_multiMode_cc26x2.a : RFCC26X2_multiMode.c.cc26x2.ccs.o (.text:RF_hwiCpe0PowerFsm)
                  000139c4    0000005c     drivers_cc26x2.a : NVSCC26XX.oem4f (.text:doErase)
                  00013a20    0000005c     simple_gatt_profile.obj (.text:simpleProfile_ReadAttrCB)
                  00013a7c    0000005c     drivers_cc26x2.a : UARTCC26XX.oem4f (.text:startTxFifoEmptyClk)
                  00013ad8    0000005c     simple_peripheral_app_pem4f.oem4f (.text:xdc_runtime_Startup_getState__I)
                  00013b34    00000058     drivers_cc26x2.a : ECDHCC26X2.oem4f (.text:ECDH_construct)
                  00013b8c    00000058     icall.obj (.text:ICall_wait)
                  00013be4    00000058     OneLib.a : ll_ae.o (.text)
                  00013c3c    00000058              : ll_common.o (.text)
                  00013c94    00000058              : ll_enc.o (.text)
                  00013cec    00000058              : ll_isr.o (.text)
                  00013d44    00000058              : sm_pairing.o (.text)
                  00013d9c    00000058     drivers_cc26x2.a : PowerCC26X2_calibrateRCOSC.oem4f (.text:PowerCC26X2_initiateCalibration)
                  00013df4    00000058     simple_peripheral.obj (.text:SimplePeripheral_enqueueMsg$5)
                  00013e4c    00000058     simple_peripheral.obj (.text:SimplePeripheral_updateRPA$5)
                  00013ea4    00000058     StackWrapper.a : sm_ecc.o (.text)
                  00013efc    00000058     drivers_cc26x2.a : TRNGCC26XX.oem4f (.text:TRNG_init)
                  00013f54    00000058     boot.aem4f : boot.oem4f (.text)
                  00013fac    00000058     rom_sysbios.aem4f : rom_sysbios.obj (.text:ti_sysbios_heaps_HeapMem_alloc__E)
                  00014004    00000056     rf_multiMode_cc26x2.a : RFCC26X2_multiMode.c.cc26x2.ccs.o (.text:RF_defaultSubmitPolicy)
                  0001405a    00000002     rom_init.obj (.text:MAP_llUpdatePeriodicAdvChainPacket)
                  0001405c    00000054     drivers_cc26x2.a : AESCCMCC26XX.oem4f (.text:AESCCM_construct)
                  000140b0    00000054                      : AESCTRCC26XX.oem4f (.text:AESCTR_construct)
                  00014104    00000054                      : AESECBCC26XX.oem4f (.text:AESECB_construct)
                  00014158    00000054     driverlib.lib : prcm.obj (.text:NOROM_PRCMPowerDomainsAllOff)
                  000141ac    00000054     nvocmp.obj (.text:NVOCMP_doNVCRC$10)
                  00014200    00000054     drivers_cc26x2.a : NVSCC26XX.oem4f (.text:NVSCC26XX_init)
                  00014254    00000054     OneLib.a : gattservapp.o (.text)
                  000142a8    00000054              : hci_event.o (.text)
                  000142fc    00000054              : ll.o (.text)
                  00014350    00000054              : ll_ae.o (.text)
                  000143a4    00000054              : ll_ae.o (.text)
                  000143f8    00000054              : ll_ae.o (.text)
                  0001444c    00000054     rf_multiMode_cc26x2.a : RFCC26X2_multiMode.c.cc26x2.ccs.o (.text:RF_fsmXOSCState)
                  000144a0    00000054     StackWrapper.a : osal_bufmgr.o (.text)
                  000144f4    00000054     drivers_cc26x2.a : StructRingBuf.oem4f (.text:StructRingBuf_put)
                  00014548    00000054     dpl_cc26x2.a : SwiP_tirtos.oem4f (.text:SwiP_construct)
                  0001459c    00000054     util.obj (.text:Util_convertBdAddr2Str)
                  000145f0    00000054     rf_multiMode_cc26x2.a : rf_patch_cpe_bt5.c.cc26x2.ccs.o (.text:configureBt5Patch)
                  00014644    00000052     OneLib.a : gap_centlinkmgr.o (.text)
                  00014696    00000050     drivers_cc26x2.a : AESCTRDRBGXX.oem4f (.text:AESCTRDRBGXX_addBigendCounter)
                  000146e6    00000002     rom_init.obj (.text:MAP_rf_patch_mce)
                  000146e8    00000050     drivers_cc26x2.a : GPIOCC26XX.oem4f (.text:GPIO_enableInt)
                  00014738    00000050                      : GPTimerCC26XX.oem4f (.text:GPTimerCC26XX_registerInterrupt)
                  00014788    00000050     nvocmp.obj (.text:NVOCMP_compactNvApi$10)
                  000147d8    00000050     OneLib.a : gap_perilinkmgr.o (.text)
                  00014828    00000050              : hci_tl.o (.text)
                  00014878    00000050              : ll_common.o (.text)
                  000148c8    00000050              : ll_enc.o (.text)
                  00014918    00000050     StackWrapper.a : osal.o (.text)
                  00014968    00000050                    : osal_clock.o (.text)
                  000149b8    00000050     drivers_cc26x2.a : TRNGCC26XX.oem4f (.text:TRNGCC26XX_waitForResult)
                  00014a08    0000004e     StackWrapper.a : gap.o (.text)
                  00014a56    00000002     rom_init.obj (.text:MAP_rf_patch_rfe)
                  00014a58    0000004c     drivers_cc26x2.a : GPTimerCC26XX.oem4f (.text:GPTimerCC26XX_initHw)
                  00014aa4    0000004c                      : GPTimerCC26XX.oem4f (.text:GPTimerCC26XX_start)
                  00014af0    0000004c     icall.obj (.text:ICall_newTask$26)
                  00014b3c    0000004c     driverlib.lib : prcm.obj (.text:NOROM_PRCMPowerDomainsAllOn)
                  00014b88    0000004c     nvocmp.obj (.text:NVOCMP_loadApiPtrsMin)
                  00014bd4    0000004c     nvocmp.obj (.text:NVOCMP_setItemInactive$10)
                  00014c20    0000004c     OneLib.a : ble.o (.text)
                  00014c6c    0000004c              : gap_scanner.o (.text)
                  00014cb8    0000004c              : ll_scheduler.o (.text)
                  00014d04    0000004c              : ll_scheduler.o (.text)
                  00014d50    0000004c     rf_multiMode_cc26x2.a : RFCC26X2_multiMode.c.cc26x2.ccs.o (.text:RF_wakeupNotification)
                  00014d9c    0000004c     drivers_cc26x2.a : StructRingBuf.oem4f (.text:StructRingBuf_get)
                  00014de8    0000004c                      : UARTCC26XX.oem4f (.text:UARTCC26XX_readCancel)
                  00014e34    0000004c     util.obj (.text:Util_constructClock)
                  00014e80    0000004c     rtsv7M4_T_le_v4SPD16_eabi.lib : cpy_tbl.c.obj (.text:copy_in)
                  00014ecc    00000048     ti_drivers_config.obj (.text:Board_wakeUpExtFlash)
                  00014f14    00000048     drivers_cc26x2.a : GPTimerCC26XX.oem4f (.text:GPTimerCC26XXHwiFxn)
                  00014f5c    00000048     rf_multiMode_cc26x2.a : rfc.c.cc26x2.ccs.o (.text:NOROM_RFCSynthPowerDown)
                  00014fa4    00000048     nvocmp.obj (.text:NVOCMP_write$10)
                  00014fec    00000048     drivers_cc26x2.a : NVS.oem4f (.text:NVS_open)
                  00015034    00000048     OneLib.a : att_util.o (.text)
                  0001507c    00000048              : gattservapp.o (.text)
                  000150c4    00000048              : ll.o (.text)
                  0001510c    00000048              : ll.o (.text)
                  00015154    00000048              : ll_common.o (.text)
                  0001519c    00000048     drivers_cc26x2.a : PINCC26XX.oem4f (.text:PIN_setOutputEnable)
                  000151e4    00000048                      : PowerCC26X2_calibrateRCOSC.oem4f (.text:PowerCC26X2_RCOSC_clockFunc)
                  0001522c    00000048                      : PowerCC26X2.oem4f (.text:PowerCC26XX_switchXOSC_HF)
                  00015274    00000048                      : NVSCC26XX.oem4f (.text:disableFlashCache)
                  000152bc    00000048                      : PowerCC26X2.oem4f (.text:switchXOSCHF)
                  00015304    00000048                      : UARTCC26XX.oem4f (.text:writeFinishedDoCallback)
                  0001534c    00000046                      : RingBuf.oem4f (.text:RingBuf_put)
                  00015392    00000002     rf_multiMode_cc26x2.a : rfc.c.cc26x2.ccs.o (.text:NOROM_RFCCpePatchReset)
                  00015394    00000044     drivers_cc26x2.a : ECDHCC26X2.oem4f (.text:ECDHCC26X2_waitForResult)
                  000153d8    00000044                      : GPIOCC26XX.oem4f (.text:GPIO_disableInt)
                  0001541c    00000044     nvocmp.obj (.text:NVOCMP_getFreeNvApi$10)
                  00015460    00000044     drivers_cc26x2.a : NVSCC26XX.oem4f (.text:NVSCC26XX_read)
                  000154a4    00000044     OneLib.a : ll.o (.text)
                  000154e8    00000044              : ll.o (.text)
                  0001552c    00000044              : ll_ae.o (.text)
                  00015570    00000044              : ll_ae.o (.text)
                  000155b4    00000044              : ll_common.o (.text)
                  000155f8    00000044     drivers_cc26x2.a : PINCC26XX.oem4f (.text:PIN_swi)
                  0001563c    00000044     simple_peripheral.obj (.text:SimplePeripheral_doSelectConn)
                  00015680    00000044     simple_gatt_profile.obj (.text:SimpleProfile_GetParameter)
                  000156c4    00000044     StackWrapper.a : osal.o (.text)
                  00015708    00000044                    : osal_timers.o (.text)
                  0001574c    00000044     drivers_cc26x2.a : UART.oem4f (.text:UART_init)
                  00015790    00000042     OneLib.a : ll.o (.text)
                  000157d2    00000042              : ll_common.o (.text)
                  00015814    00000040     dpl_cc26x2.a : ClockP_tirtos.oem4f (.text:ClockP_construct)
                  00015854    00000040     drivers_cc26x2.a : ECDHCC26X2.oem4f (.text:ECDHCC26X2_convertReturnValue)
                  00015894    00000040                      : ECDHCC26X2.oem4f (.text:ECDHCC26X2_getPublicKeyResult)
                  000158d4    00000040     driverlib.lib : osc.obj (.text:NOROM_OSC_HPOSCRelativeFrequencyOffsetGet)
                  00015914    00000040     OneLib.a : gap_configmgr.o (.text)
                  00015954    00000040              : gattservapp.o (.text)
                  00015994    00000040              : linkdb.o (.text)
                  000159d4    00000040              : ll_common.o (.text)
                  00015a14    00000040              : ll_common.o (.text)
                  00015a54    00000040              : sm_intpairing.o (.text)
                  00015a94    00000040     drivers_cc26x2.a : PowerCC26X2.oem4f (.text:PowerCC26XX_isStableXOSC_HF)
                  00015ad4    00000040                      : Random.oem4f (.text:Random_getNumber)
                  00015b14    00000040                      : RingBuf.oem4f (.text:RingBuf_get)
                  00015b54    00000040     StackWrapper.a : osal.o (.text)
                  00015b94    00000040                    : osal_bufmgr.o (.text)
                  00015bd4    00000040                    : osal_bufmgr.o (.text)
                  00015c14    00000040                    : osal_timers.o (.text)
                  00015c54    00000040     drivers_cc26x2.a : TRNGCC26XX.oem4f (.text:TRNGCC26XX_copyToClient)
                  00015c94    00000040                      : UART.oem4f (.text:UART_open)
                  00015cd4    00000040     rtsv7M4_T_le_v4SPD16_eabi.lib : u_divt2.asm.obj (.text)
                  00015d14    00000040     rom_sysbios.aem4f : rom_sysbios.obj (.text:ti_sysbios_family_arm_cc26xx_Timer_setThreshold__I)
                  00015d54    00000040                       : rom_sysbios.obj (.text:ti_sysbios_heaps_HeapCallback_Module_startup__E)
                  00015d94    0000003e     dpl_cc26x2.a : HwiP_tirtos.oem4f (.text:HwiP_construct)
                  00015dd2    0000003e     OneLib.a : ll_common.o (.text)
                  00015e10    0000003e     simple_peripheral.obj (.text:SimplePeripheral_passcodeCb$5)
                  00015e4e    0000003e     drivers_cc26x2.a : TRNGCC26XX.oem4f (.text:TRNGCC26XX_serviceJob)
                  00015e8c    0000003c     nvocmp.obj (.text:NVOCMP_disableCache$10)
                  00015ec8    0000003c     OneLib.a : gap_linkmgr.o (.text)
                  00015f04    0000003c              : gattservapp.o (.text)
                  00015f40    0000003c              : gattservapp.o (.text)
                  00015f7c    0000003c              : gattservapp.o (.text)
                  00015fb8    0000003c              : linkdb.o (.text)
                  00015ff4    0000003c              : ll_ae.o (.text)
                  00016030    0000003c     drivers_cc26x2.a : PINCC26XX.oem4f (.text:PIN_setInterrupt)
                  0001606c    0000003c                      : PINCC26XX.oem4f (.text:PIN_setOutputValue)
                  000160a8    0000003c     rf_multiMode_cc26x2.a : RFCC26X2_multiMode.c.cc26x2.ccs.o (.text:RF_cmdGet)
                  000160e4    0000003c                           : RFCC26X2_multiMode.c.cc26x2.ccs.o (.text:RF_cmdStoreEvents)
                  00016120    0000003c     simple_peripheral.obj (.text:SimplePeripheral_createTask)
                  0001615c    0000003c     simple_peripheral.obj (.text:SimplePeripheral_setPhy$5)
                  00016198    0000003c     simple_peripheral.obj (.text:SimplePeripheral_stopAutoPhyChange$5)
                  000161d4    0000003c     StackWrapper.a : osal.o (.text)
                  00016210    0000003c                    : osal.o (.text)
                  0001624c    0000003c                    : osal.o (.text)
                  00016288    0000003c                    : osal_timers.o (.text)
                  000162c4    0000003c                    : sm_ecc.o (.text)
                  00016300    0000003c     drivers_cc26x2.a : NVSCC26XX.oem4f (.text:checkEraseRange)
                  0001633c    0000003c     AM2302.obj (.text:init_task_Temp)
                  00016378    0000003c     rom_sysbios.aem4f : rom_sysbios.obj (.text:ti_sysbios_family_arm_m3_Hwi_construct2__E)
                  000163b4    0000003a     StackWrapper.a : osal.o (.text)
                  000163ee    00000002     OneLib.a : ll.o (.text)
                  000163f0    00000038     board_key.obj (.text:Board_keyCallback$3)
                  00016428    00000038     ti_drivers_config.obj (.text:Board_shutDownExtFlash)
                  00016460    00000038     OneLib.a : hci.o (.text)
                  00016498    00000038              : linkdb.o (.text)
                  000164d0    00000038              : ll_ae.o (.text)
                  00016508    00000038              : ll_ae.o (.text)
                  00016540    00000038              : ll_common.o (.text)
                  00016578    00000038              : ll_enc.o (.text)
                  000165b0    00000038              : ll_scheduler.o (.text)
                  000165e8    00000038              : sm_rsppairing.o (.text)
                  00016620    00000038     drivers_cc26x2.a : PINCC26XX.oem4f (.text:PIN_setConfig)
                  00016658    00000038     rf_multiMode_cc26x2.a : RFCC26X2_multiMode.c.cc26x2.ccs.o (.text:RF_checkCmdFsError)
                  00016690    00000038     StackWrapper.a : osal_timers.o (.text)
                  000166c8    00000038     drivers_cc26x2.a : PowerCC26X2.oem4f (.text:notify)
                  00016700    00000038                      : UARTCC26XX.oem4f (.text:readData)
                  00016738    00000038     two_btn_menu.obj (.text:tbm_findActiveItem)
                  00016770    00000038     two_btn_menu.obj (.text:tbm_goTo)
                  000167a8    00000038     rom_sysbios.aem4f : rom_sysbios.obj (.text:ti_sysbios_family_arm_cc26xx_Timer_getCurrentTick__E)
                  000167e0    00000038     drivers_cc26x2.a : UARTCC26XX.oem4f (.text:writeData)
                  00016818    00000036     StackWrapper.a : ble_dispatch_lite.o (.text)
                  0001684e    00000036     rom_sysbios.aem4f : rom_sysbios.obj (.text:ti_sysbios_family_arm_cc26xx_Timer_setNextTick__E)
                  00016884    00000034     gattservapp_util.obj (.text:GATTServApp_InitCharCfg)
                  000168b8    00000034     drivers_cc26x2.a : GPTimerCC26XX.oem4f (.text:GPTimerCC26XXSetLoadMatch)
                  000168ec    00000034                      : GPTimerCC26XX.oem4f (.text:GPTimerCC26XX_configureDebugStall)
                  00016920    00000034     icall.obj (.text:ICall_heapFree)
                  00016954    00000034     icall.obj (.text:ICall_searchServiceEntity)
                  00016988    00000034     driverlib.lib : aes.obj (.text:NOROM_AESStartDMAOperation)
                  000169bc    00000034     nvocmp.obj (.text:NVOCMP_verifyCRC$10)
                  000169f0    00000034     OneLib.a : hci.o (.text)
                  00016a24    00000034              : hci_tl.o (.text)
                  00016a58    00000034              : ll_ae.o (.text)
                  00016a8c    00000034              : ll_scheduler.o (.text)
                  00016ac0    00000034              : ll_scheduler.o (.text)
                  00016af4    00000034     rf_multiMode_cc26x2.a : RFCC26X2_multiMode.c.cc26x2.ccs.o (.text:RF_powerConstraintRelease)
                  00016b28    00000034                           : RFCC26X2_multiMode.c.cc26x2.ccs.o (.text:RF_runDirectImmediateCmd)
                  00016b5c    00000034     simple_peripheral.obj (.text:SimplePeripheral_clockHandler$5)
                  00016b90    00000034     StackWrapper.a : gapbondmgr.o (.text)
                  00016bc4    00000034                    : icall_startup.o (.text)
                  00016bf8    00000034     drivers_cc26x2.a : UARTCC26XX.oem4f (.text:readData2RingBuf)
                  00016c2c    00000034     rom_sysbios.aem4f : rom_sysbios.obj (.text:ti_sysbios_knl_Swi_setPri__E)
                  00016c60    00000032     icall.obj (.text:ICall_fetchServiceMsg)
                  00016c92    00000032     rom_sysbios.aem4f : rom_sysbios.obj (.text:ti_sysbios_gates_GateMutexPri_insertPri__I)
                  00016cc4    00000030     drivers_cc26x2.a : AESECBCC26XX.oem4f (.text:AESECB_cleanup)
                  00016cf4    00000030                      : GPIOCC26XX.oem4f (.text:GPIO_hwiIntFxn)
                  00016d24    00000030                      : GPIOCC26XX.oem4f (.text:GPIO_setCallback)
                  00016d54    00000030     icall.obj (.text:ICall_dispatch$26)
                  00016d84    00000030     icall.obj (.text:ICall_msecs2Ticks$26)
                  00016db4    00000030     icall.obj (.text:ICall_primEntityId2ServiceId$26)
                  00016de4    00000030     icall.obj (.text:ICall_searchTask$26)
                  00016e14    00000030     nvocmp.obj (.text:NVOCMP_changePageState$10)
                  00016e44    00000030     drivers_cc26x2.a : NVSCC26XX.oem4f (.text:NVSCC26XX_erase)
                  00016e74    00000030     OneLib.a : gattservapp.o (.text)
                  00016ea4    00000030              : ll_scheduler.o (.text)
                  00016ed4    00000030     drivers_cc26x2.a : PINCC26XX.oem4f (.text:PINCC26XX_setMux)
                  00016f04    00000030                      : PowerCC26X2.oem4f (.text:Power_releaseConstraint)
                  00016f34    00000030                      : PowerCC26X2.oem4f (.text:Power_setConstraint)
                  00016f64    00000030     StackWrapper.a : osal_timers.o (.text)
                  00016f94    00000030     drivers_cc26x2.a : TRNGCC26XX.oem4f (.text:TRNGCC26XX_fillEntropyPool)
                  00016fc4    00000030                      : TRNGCC26XX.oem4f (.text:TRNG_generateKey)
                  00016ff4    00000030     rf_multiMode_cc26x2.a : rf_patch_cpe_bt5.c.cc26x2.ccs.o (.text:applyBt5Patch)
                  00017024    00000030     AM2302.obj (.text:init_sem_Temp)
                  00017054    00000030     simple_peripheral_app_pem4f.oem4f (.text:ti_sysbios_BIOS_atExitFunc__I)
                  00017084    00000030     simple_peripheral_app_pem4f.oem4f (.text:ti_sysbios_BIOS_startFunc__I)
                  000170b4    00000030     rom_sysbios.aem4f : rom_sysbios.obj (.text:ti_sysbios_family_arm_cc26xx_Timer_initDevice__I)
                  000170e4    00000030     simple_peripheral_app_pem4f.oem4f (.text:ti_sysbios_gates_GateMutexPri_Object__create__S)
                  00017114    00000030     simple_peripheral_app_pem4f.oem4f (.text:ti_sysbios_gates_GateMutexPri_create)
                  00017144    00000030     simple_peripheral_app_pem4f.oem4f (.text:ti_sysbios_heaps_HeapCallback_Object__create__S)
                  00017174    00000030     rom_sysbios.aem4f : rom_sysbios.obj (.text:ti_sysbios_knl_Clock_getTimeout__E)
                  000171a4    0000002e     icall_cc2650.obj (.text:ICallPlatform_pwrDispenseImpl$27)
                  000171d2    0000002e     icall_cc2650.obj (.text:ICallPlatform_pwrRequireImpl$27)
                  00017200    0000002e     OneLib.a : gattservapp.o (.text)
                  0001722e    00000002              : ll.o (.text)
                  00017230    0000002c     drivers_cc26x2.a : GPTimerCC26XX.oem4f (.text:GPTimerCC26XX_getTimerValue)
                  0001725c    0000002c     icall.obj (.text:ICall_getLocalMsgEntityId)
                  00017288    0000002c     icall.obj (.text:ICall_msgEnqueue$26)
                  000172b4    0000002c     drivers_cc26x2.a : NVS.oem4f (.text:NVS_init)
                  000172e0    0000002c     OneLib.a : gatt_task.o (.text)
                  0001730c    0000002c              : gattservapp.o (.text)
                  00017338    0000002c     rf_multiMode_cc26x2.a : RFCC26X2_multiMode.c.cc26x2.ccs.o (.text:RF_executeDirectImmediateCmd)
                  00017364    0000002c     rom_init.obj (.text:ROM_Init)
                  00017390    0000002c     dpl_cc26x2.a : SemaphoreP_tirtos.oem4f (.text:SemaphoreP_constructBinary)
                  000173bc    0000002c                  : SemaphoreP_tirtos.oem4f (.text:SemaphoreP_createBinary)
                  000173e8    0000002c     StackWrapper.a : hal_assert.o (.text)
                  00017414    0000002c                    : osal_bufmgr.o (.text)
                  00017440    0000002c     drivers_cc26x2.a : TRNGCC26XX.oem4f (.text:TRNGCC26XX_stopTrng)
                  0001746c    0000002c     AM2302.obj (.text:init_mbx_Temp)
                  00017498    0000002c     simple_peripheral_app_pem4f.oem4f (.text:ti_sysbios_gates_GateMutexPri_Handle__label__S)
                  000174c4    0000002c     simple_peripheral_app_pem4f.oem4f (.text:ti_sysbios_heaps_HeapCallback_Handle__label__S)
                  000174f0    0000002a     display.a : DisplayUart.oem4f (.text:DisplayUartAnsi_clear)
                  0001751a    0000002a               : Display.oem4f (.text:Display_doPrintf)
                  00017544    0000002a     drivers_cc26x2.a : List.oem4f (.text:List_insert)
                  0001756e    0000002a     rf_multiMode_cc26x2.a : RFCC26X2_multiMode.c.cc26x2.ccs.o (.text:RF_searchAndReplacePAOverride)
                  00017598    0000002a     simple_peripheral.obj (.text:SimplePeripheral_pairStateCb$5)
                  000175c2    00000002     rf_multiMode_cc26x2.a : RFCC26X2_multiMode.c.cc26x2.ccs.o (.text:RF_defaultCallback)
                  000175c4    00000028     drivers_cc26x2.a : AESCTRCC26XX.oem4f (.text:AESCTR_cleanup)
                  000175ec    00000028     rf_multiMode_cc26x2.a : rfc.c.cc26x2.ccs.o (.text:NOROM_RFCOverrideSearch)
                  00017614    00000028     nvocmp.obj (.text:NVOCMP_setCompactHdr$10)
                  0001763c    00000028     OneLib.a : gattservapp.o (.text)
                  00017664    00000028              : ll_common.o (.text)
                  0001768c    00000028     drivers_cc26x2.a : PowerCC26X2.oem4f (.text:Power_registerNotify)
                  000176b4    00000028     rf_multiMode_cc26x2.a : RFCC26X2_multiMode.c.cc26x2.ccs.o (.text:RF_calculateDeltaTimeUs)
                  000176dc    00000028                           : RFCC26X2_multiMode.c.cc26x2.ccs.o (.text:RF_runScheduleCmd)
                  00017704    00000028     StackWrapper.a : osal.o (.text)
                  0001772c    00000028                    : osal_snv_wrapper.o (.text)
                  00017754    00000028                    : osal_snv_wrapper.o (.text)
                  0001777c    00000028                    : osal_snv_wrapper.o (.text)
                  000177a4    00000028     drivers_cc26x2.a : PowerCC26X2.oem4f (.text:oscillatorISR)
                  000177cc    00000028                      : NVSCC26XX.oem4f (.text:restoreFlashCache)
                  000177f4    00000028     two_btn_menu.obj (.text:tbm_setItemStatus)
                  0001781c    00000026     drivers_cc26x2.a : GPTimerCC26XX.oem4f (.text:GPTimerCC26XXLookupMask)
                  00017842    00000026     icall.obj (.text:ICall_sendServiceMsg)
                  00017868    00000026     drivers_cc26x2.a : List.oem4f (.text:List_put)
                  0001788e    00000026                      : List.oem4f (.text:List_putHead)
                  000178b4    00000026                      : List.oem4f (.text:List_remove)
                  000178da    00000026     simple_peripheral.obj (.text:SimplePeripheral_advCallback$5)
                  00017900    00000024     drivers_cc26x2.a : AESCTRDRBGXX.oem4f (.text:AESCTRDRBG_uninstantiate)
                  00017924    00000024                      : GPTimerCC26XX.oem4f (.text:GPTimerCC26XX_enableInterrupt)
                  00017948    00000024     driverlib.lib : osc.obj (.text:NOROM_OSCHF_TurnOnXosc)
                  0001796c    00000024     rf_multiMode_cc26x2.a : rfc.c.cc26x2.ccs.o (.text:NOROM_RFCDoorbellSendTo)
                  00017990    00000024     OneLib.a : gapgattserver.o (.text)
                  000179b4    00000024              : gatt_server.o (.text)
                  000179d8    00000024     rf_multiMode_cc26x2.a : RFCC26X2_multiMode.c.cc26x2.ccs.o (.text:RF_cmdAlloc)
                  000179fc    00000024                           : RFCC26X2_multiMode.c.cc26x2.ccs.o (.text:RF_invokeGlobalCallback)
                  00017a20    00000024     StackWrapper.a : ble_dispatch_lite.o (.text)
                  00017a44    00000024                    : gapbondmgr.o (.text)
                  00017a68    00000024                    : osal.o (.text)
[...]
20000fc9  rssiCorrection                                                  
20000fca  curTxPowerVal                                                   
20000fcb  maxTxPwrForDTM                                                  
20000fcc  onePktPerEvt                                                    
20000fcd  numComplPkts                                                    
20000fce  numComplPktsLimit                                               
20000fcf  numComplPktsFlush                                               
20000fd0  fastTxRespTime                                                  
20000fd1  slOverride                                                      
20000fd2  rxFifoFlowCtrl                                                  
20000fd3  numTxDataBufs                                                   
20000fd4  maxNumConns                                                     
20000fd5  aeCurHandle                                                     
20000fd6  aeCurAdvEnableHandle                                            
20000fd7  aeCurConnHandle                                                 
20000fd8  extScanIndex                                                    
20000fd9  extInitIndex                                                    
20000fda  scanState                                                       
20000fdb  lastPrimPhy                                                     
20000fdc  lastScanRsp                                                     
20000fdd  smTaskID                                                        
20000fde  SM_appExpectingKey                                              
200016bd  autoConnect                                                     
200016c4  dispHandle                                                      
20001758  spTask                                                          
20001868  PowerCC26X2_module                                              
20001afc  ROM_stateStruct                                                 
20001afc  ti_sysbios_knl_Clock_Module__state__V                           
20001b28  ti_sysbios_family_arm_cc26xx_TimestampProvider_Module__state__V 
20001b2c  xdc_runtime_Startup_Module__state__V                            
20001b34  xdc_runtime_Registry_Module__state__V                           
20001b3c  ti_sysbios_BIOS_Module__state__V                                
20001b60  ti_sysbios_knl_Swi_Module__state__V                             
20001b7c  ti_sysbios_knl_Task_Module__state__V                            
20001bc0  xdc_runtime_Memory_Module__state__V                             
20001bc4  xdc_runtime_System_Module__state__V                             
20001bcc  ti_sysbios_family_arm_m3_Hwi_Module__state__V                   
20001c00  ti_sysbios_family_arm_cc26xx_Timer_Module__state__V             
20001db8  gapAttrTbl                                                      
20001e68  pairMode                                                        
20001e69  mitm                                                            
20001e6a  ioCap                                                           
20001e6b  bonding                                                         
20001e6c  secureConnection                                                
20001e6d  authenPairingOnly                                               
20001e6e  autoSyncWL                                                      
20001e6f  eccReGenPolicy                                                  
20001e70  KeySize                                                         
20001e71  removeLRUBond                                                   
20001e72  KeyDistList                                                     
20001e73  eccDebugKeys                                                    
20001e74  allowDebugKeys                                                  
20001e75  eraseBondWhileInConn                                            
20001e78  pRandomAddress                                                  
20001e7c  attDeviceName                                                   
20001e91  scanResData1                                                    
20001ea6  advData2                                                        
20001ebb  advData1                                                        
20001ed4  advParams1                                                      
20001ef0  advParams2                                                      
20001f10  ICall_enterCriticalSection                                      
20001f14  ICall_leaveCriticalSection                                      
20001f18  ICall_dispatcher                                                
20001f2c  heapmgrMemFreeTotal                                             
20001f38  HEAPMGR_SIZE                                                    
20001fa8  timerTempHandle                                                 
20001fac  semTempHandle                                                   
20001fb0  mbxTempHandle                                                   
20001fb4  user0Cfg                                                        
20001fc4  semTempStruct                                                   
20001fe0  readAM2302Task                                                  
20002030  llUserConfig                                                    
20002096  gAction                                                         
20002097  NVOCMP_size                                                     
200020c4  NVOCMP_nvHandle                                                 
200020f4  pOverrides_bleCommon                                            
20002148  txPowerTable_2400_pa5                                           
20002198  ti_sysbios_knl_Task_Object__table__V                            
200021e8  appKeyChangeHandler                                             
200021ec  hKeyPins                                                        
200021f0  keyPinsCfg                                                      
200021fc  keyPins                                                         
2000222c  patchedSlaveCtrlPktList                                         
20002230  ti_sysbios_family_arm_cc26xx_Timer_Object__table__V             
20002278  gattAttrTbl                                                     
200022b8  sm_eccKeys_sc_host_debug                                        
200022f8  eccParams_NISTP256                                              
20002338  nvintfFncStruct                                                 
20002374  ti_sysbios_gates_GateMutex_Object__table__V                     
200023ac  ti_sysbios_knl_Swi_Module_State_0_readyQ__A                     
200023dc  ti_sysbios_knl_Swi_Object__table__V                             
2000240c  ti_sysbios_knl_Task_Module_State_0_readyQ__A                    
2000243c  _hposcCoeffs                                                    
20002480  ti_sysbios_knl_Clock_Object__table__V                           
200024a0  xdc_runtime_Error_IgnoreBlock                                   
200024c0  ti_sysbios_family_arm_m3_Hwi_Object__table__V                   
200024d8  tbmRowItemLast                                                  
20002558  gattAttrTbl_gatt_no_service_changed                             
20002568  rfMode                                                          
20002578  sizeInfo                                                        
20002588  bleAppServiceInfoTable                                          
20002598  gpioCallbackFunctions                                           
200025a8  gpioPinConfigs                                                  
200025b8  pOverrides_ble2Mbps                                             
200025c8  pOverrides_bleCoded                                             
200025d8  pOverrides_ble1Mbps                                             
200025e4  ti_sysbios_heaps_HeapCallback_Object__table__V                  
200025f9  deviceNameCharProps                                             
200025fa  disconnectImmedConnId                                           
20002604  bleUserCfg_maxPduSize                                           
20002608  appAssertCback                                                  
2000260c  pfnBMFree                                                       
20002610  lastAppOpcodeIdxSent                                            
20002614  _lock                                                           
20002618  _unlock                                                         
2000261c  periConnParameters                                              
20002624  RFCC26XX_schedulerPolicy                                        
2000262c  pinUpperBound                                                   
20002630  pinLowerBound                                                   
20002634  pfnBMAlloc                                                      
20002638  pRfErrCb                                                        
20002644  ti_sysbios_family_arm_m3_Hwi_Module__root__V                    
2000264c  ti_sysbios_gates_GateHwi_Module__root__V                        
20002654  ti_sysbios_gates_GateMutexPri_Module__root__V                   
2000265c  ti_sysbios_gates_GateMutex_Module__root__V                      
20002664  ti_sysbios_hal_Hwi_Module__root__V                              
2000266c  ti_sysbios_heaps_HeapCallback_Module__root__V                   
20002674  ti_sysbios_heaps_HeapMem_Module__root__V                        
2000267c  ti_sysbios_knl_Clock_Module__root__V                            
20002684  ti_sysbios_knl_Event_Module__root__V                            
2000268c  ti_sysbios_knl_Mailbox_Module__root__V                          
20002694  ti_sysbios_knl_Queue_Module__root__V                            
2000269c  ti_sysbios_knl_Semaphore_Module__root__V                        
200026a4  ti_sysbios_knl_Swi_Module__root__V                              
200026ac  ti_sysbios_knl_Task_Module__root__V                             
200026be  llUserConfig_maxPduSize                                         
200026c0  halAssertCback                                                  
200026c4  icallServiceTblPtr                                              
200026cc  main_func_sp                                                    
200026d0  ti_sysbios_family_arm_m3_Hwi_Module_State_0_excContext__A       
200026d4  ti_sysbios_family_arm_m3_Hwi_Module_State_0_excStack__A         
200026d8  ti_sysbios_knl_Task_Module_State_0_idleTask__A                  
200026dc  baseTaskID                                                      
200026de  CryptoResourceCC26XX_pollingFlag                                
200026e0  PKAResourceCC26XX_pollingFlag                                   
200026e4  ti_sysbios_family_arm_m3_Hwi_Module_State_0_excActive__A        
200026e6  appearanceCharProps                                             
200026e7  periConnParamCharProps                                          
200026e8  centAddrResCharProps                                            
200026e9  centAddrRes                                                     
200026ea  resolvablePrivateAddressOnlyCharProps                           
200026eb  GATTServApp_gatt_no_service_changed                             
200026ed  qosDefaultPriorityConnParameter                                 
200026ee  extScanChanMap                                                  
200026ef  sizeOfAllExtConnParam                                           
200026f0  rfRatHandle                                                     
200026f1  smAllowDebugKeysMode                                            
200026f2  gapEndAppTaskID                                                 
200026f3  gapAppTaskID                                                    
200026f4  legacyMode                                                      
200026f5  argPeriodic                                                     
200026f6  argRpaRead                                                      
20002f00  spTaskStack                                                     
20003300  ti_sysbios_knl_Task_Instance_State_0_stack__A                   
20003600  uartCC26XXObjects                                               
200037bc  ti_sysbios_family_arm_m3_Hwi_dispatchTable                      
20003894  trngCC26XXObjects                                               
20003998  pinHandleTable                                                  
20003a14  cbTimers                                                        
20003a8c  spMenuMain                                                      
20003aa0  spMenuSelectConn                                                
20003ab4  spMenuPerConn                                                   
20003ac8  spMenuConnPhy                                                   
20003adc  spMenuAutoConnect                                               
20003af0  aesctrdrbgXXObjects                                             
20003b98  CryptoResourceCC26XX_accessSemaphore                            
20003be8  CryptoResourceCC26XX_operationSemaphore                         
20003c38  PKAResourceCC26XX_accessSemaphore                               
20003c88  PKAResourceCC26XX_operationSemaphore                            
20003cd8  gptimerCC26XXObjects                                            
20003d24  nvFptrs                                                         
20003d9c  llCteSamples                                                    
20003dc0  req                                                             
20003de0  gapBond_remoteOobData                                           
20003e00  gapBond_localOobData                                            
20003e80  ecdhCC26X2Objects                                               
20003ef4  CryptoResourceCC26XX_hwi                                        
20003f10  PKAResourceCC26XX_hwi                                           
20003f2c  deviceName                                                      
20003f44  llCoex                                                          
20003f5c  aesccmCC26XXObjects                                             
20003f74  aesctrCC26XXObjects                                             
20003f8c  aesecbCC26XXObjects                                             
20003fdc  llCteTest                                                       
20003fe8  cteAntennaProp                                                  
20003ff4  llTaskList                                                      
20004018  displayUartObject                                               
20004024  secondaryAdvChannelMap                                          
2000402c  llRfCmdPreemption                                               
2000403c  ggs_AppCBs                                                      
20004044  BDAddrPerConnHandle                                             
20004048  llCte                                                           
2000404c  llConnExtParam                                                  
20004050  extStackSettings                                                
20004054  trngHandle                                                      
20004058  LSTORecoveryArr                                                 
2000405c  pNextAdvSet                                                     
20004060  llCurrentMappedChan                                             
20004064  drbgHandle                                                      
20004068  pRpaCfg                                                         
2000406c  gapBond_lruBondList                                             
20004070  gapBondStateNodeHead                                            
20004074  osal_syncHandle                                                 
20004078  osal_tickperiod                                                 
2000407c  osal_max_msecs                                                  
20004080  osal_icallMsg_hook                                              
20004084  osal_qHead                                                      
20004088  osal_eventloop_hook                                             
20004094  OSAL_timeSeconds                                                
20004098  timerHead                                                       
200040a0  osal_last_timestamp                                             
200040ac  nvsCC26XXObjects                                                
200040b0  tasksEvents                                                     
200040b4  appearance                                                      
200040b6  maximumPduSize                                                  
200040ba  pwrmgr_attribute                                                
200040bc  resolvablePrivateAddressOnly                                    
200040bd  GATTServApp_att_delayed_req                                     
200040be  hciTaskID                                                       
200040bf  hciL2capTaskID                                                  
200040c0  hciGapTaskID                                                    
200040c1  hciSmpTaskID                                                    
200040c2  hciTestTaskID                                                   
200040c3  hciVsEvtMask                                                    
200040c4  scanReqRpt                                                      
200040c5  secondaryAdvChannelMapPopCount                                  
200040c6  qosDefaultPriorityAdvParameter                                  
200040c7  maxNumCteDataBufs                                               
200040c8  numActiveAdvSets                                                
200040c9  wlSize                                                          
200040ca  rlSize                                                          
200040cb  decryptResult                                                   
200040cc  llUnhandleNextIntFlag                                           
200040cd  smAuthenPairingOnlyMode                                         
200040ce  icall_liteTaskId                                                
200040cf  gapBond_removeLRUBond                                           
200040d0  gapBond_syncRL                                                  
200040d1  assertSubcause                                                  
200040d2  osal_entity                                                     
200040d3  pwrmgr_initialized                                              
200040d5  driverlib_release_0_60278                                       
200040d6  heapStart                                                       
20013c00  __stack                                                         
20013c00  heapEnd                                                         
20014000  __STACK_END                                                     
20014000  __STACK_TOP                                                     
20014000  __UNUSED_SRAM_end__                                             
e000e000  ti_sysbios_family_arm_m3_Hwi_nvic                               
ffffffff  __TI_pprof_out_hndl                                             
ffffffff  __TI_prof_data_size                                             
ffffffff  __TI_prof_data_start                                            
ffffffff  __binit__                                                       
ffffffff  __c_args__                                                      
ffffffff  binit                                                           
UNDEFED   SHT$$INIT_ARRAY$$Base                                           
UNDEFED   SHT$$INIT_ARRAY$$Limit                                          

[3048 symbols]
